******************************************************************************
                  TI ARM Linker PC v5.2.5                      
******************************************************************************
>> Linked Mon Jul 30 22:19:58 2018

OUTPUT FILE NAME:   <Filtro_General.out>
ENTRY POINT SYMBOL: "_c_int00"  address: 000015c1


MEMORY CONFIGURATION

         name            origin    length      used     unused   attr    fill
----------------------  --------  ---------  --------  --------  ----  --------
  FLASH                 00000000   00040000  00001d5e  0003e2a2  R  X
  SRAM                  20000000   00008000  00000218  00007de8  RW X


SEGMENT ALLOCATION MAP

run origin  load origin   length   init length attrs members
----------  ----------- ---------- ----------- ----- -------
00000000    00000000    00001d60   00001d60    r-x
  00000000    00000000    0000026c   0000026c    r-- .intvecs
  0000026c    0000026c    000016b2   000016b2    r-x .text
  00001920    00001920    00000408   00000408    r-- .const
  00001d28    00001d28    00000038   00000038    r-- .cinit
20000000    20000000    00000218   00000000    rw-
  20000000    20000000    00000200   00000000    rw- .stack
  20000200    20000200    00000014   00000000    rw- .data
  20000214    20000214    00000004   00000000    rw- .bss


SECTION ALLOCATION MAP

 output                                  attributes/
section   page    origin      length       input sections
--------  ----  ----------  ----------   ----------------
.intvecs   0    00000000    0000026c     
                  00000000    0000026c     tm4c123gh6pm_startup_ccs.obj (.intvecs)

.text      0    0000026c    000016b2     
                  0000026c    00000854     FiltroG.obj (.text)
                  00000ac0    000001b6     rtsv7M4_T_le_v4SPD16_eabi.lib : fd_add_t2.obj (.text)
                  00000c76    00000136                                   : fd_div_t2.obj (.text)
                  00000dac    00000132     driverlib.lib : gpio.obj (.text:GPIOPadConfigSet)
                  00000ede    00000002     --HOLE-- [fill = 0]
                  00000ee0    00000110                   : sysctl.obj (.text:SysCtlClockGet)
                  00000ff0    000000fc     rtsv7M4_T_le_v4SPD16_eabi.lib : fd_mul_t2.obj (.text)
                  000010ec    000000f4     driverlib.lib : sysctl.obj (.text:SysCtlClockSet)
                  000011e0    0000009c     rtsv7M4_T_le_v4SPD16_eabi.lib : memcpy_t2.obj (.text)
                  0000127c    0000007a     driverlib.lib : adc.obj (.text:ADCSequenceStepConfigure)
                  000012f6    0000007a     rtsv7M4_T_le_v4SPD16_eabi.lib : memset_t2.obj (.text)
                  00001370    0000006c                                   : autoinit.obj (.text)
                  000013dc    0000006a                                   : copy_decompress_rle.obj (.text)
                  00001446    00000002     --HOLE-- [fill = 0]
                  00001448    00000068     driverlib.lib : interrupt.obj (.text:IntEnable)
                  000014b0    00000060                   : timer.obj (.text:TimerConfigure)
                  00001510    00000058                   : adc.obj (.text:ADCSequenceConfigure)
                  00001568    00000058                   : timer.obj (.text:TimerControlTrigger)
                  000015c0    00000050     rtsv7M4_T_le_v4SPD16_eabi.lib : boot.obj (.text)
                  00001610    0000004c                                   : cpy_tbl.obj (.text)
                  0000165c    00000048     driverlib.lib : gpio.obj (.text:GPIOPinConfigure)
                  000016a4    00000044     rtsv7M4_T_le_v4SPD16_eabi.lib : exit.obj (.text)
                  000016e8    00000044                                   : fd_tou_t2.obj (.text)
                  0000172c    0000003c     driverlib.lib : ssi.obj (.text:SSIConfigSetExpClk)
                  00001768    00000034                   : sysctl.obj (.text:SysCtlPeripheralEnable)
                  0000179c    0000002a                   : gpio.obj (.text:GPIODirModeSet)
                  000017c6    00000020     rtsv7M4_T_le_v4SPD16_eabi.lib : u_tofd_t2.obj (.text)
                  000017e6    0000001e     driverlib.lib : adc.obj (.text:ADCSequenceDataGet)
                  00001804    00000018     rtsv7M4_T_le_v4SPD16_eabi.lib : args_main.obj (.text)
                  0000181c    00000014                                   : _lock.obj (.text)
                  00001830    00000012     driverlib.lib : gpio.obj (.text:GPIOPinTypeSSI)
                  00001842    00000012                   : timer.obj (.text:TimerLoadSet)
                  00001854    00000010                   : adc.obj (.text:ADCIntEnable)
                  00001864    00000010                   : interrupt.obj (.text:IntMasterEnable)
                  00001874    0000000e                   : adc.obj (.text:ADCHardwareOversampleConfigure)
                  00001882    0000000e                   : adc.obj (.text:ADCSequenceEnable)
                  00001890    0000000e                   : timer.obj (.text:TimerEnable)
                  0000189e    0000000e     rtsv7M4_T_le_v4SPD16_eabi.lib : copy_decompress_none.obj (.text:decompress:none)
                  000018ac    0000000c     driverlib.lib : adc.obj (.text:ADCReferenceSet)
                  000018b8    0000000c                   : cpu.obj (.text:CPUcpsie)
                  000018c4    0000000c     rtsv7M4_T_le_v4SPD16_eabi.lib : copy_zero_init.obj (.text:decompress:ZI)
                  000018d0    0000000c     tm4c123gh6pm_startup_ccs.obj (.text)
                  000018dc    0000000a     driverlib.lib : adc.obj (.text:ADCIntClear)
                  000018e6    0000000a                   : ssi.obj (.text:SSIDataPut)
                  000018f0    0000000a                   : ssi.obj (.text:SSIEnable)
                  000018fa    00000008                   : ssi.obj (.text:SSIBusy)
                  00001902    00000008                   : timer.obj (.text:TimerIntEnable)
                  0000190a    00000006                   : sysctl.obj (.text:SysCtlDelay)
                  00001910    00000006     rtsv7M4_T_le_v4SPD16_eabi.lib : copy_decompress_rle.obj (.text:decompress:rle24)
                  00001916    00000004     driverlib.lib : timer.obj (.text:TimerIntClear)
                  0000191a    00000004     rtsv7M4_T_le_v4SPD16_eabi.lib : pre_init.obj (.text)

.const     0    00001920    00000408     
                  00001920    000000a8     FiltroG.obj (.const:DEN)
                  000019c8    000000a8     FiltroG.obj (.const:NUM)
                  00001a70    000000a0     FiltroG.obj (.const:$P$T0$1)
                  00001b10    000000a0     FiltroG.obj (.const:$P$T1$2)
                  00001bb0    00000090     driverlib.lib : gpio.obj (.const:g_pui32GPIOBaseAddrs)
                  00001c40    00000070                   : interrupt.obj (.const)
                  00001cb0    0000006c                   : sysctl.obj (.const:g_pui32Xtals)
                  00001d1c    0000000c     FiltroG.obj (.const)

.cinit     0    00001d28    00000038     
                  00001d28    0000000f     (.cinit..data.load) [load image, compression = rle]
                  00001d37    00000001     --HOLE-- [fill = 0]
                  00001d38    0000000c     (__TI_handler_table)
                  00001d44    00000004     --HOLE-- [fill = 0]
                  00001d48    00000008     (.cinit..bss.load) [load image, compression = zero_init]
                  00001d50    00000010     (__TI_cinit_table)

.init_array 
*          0    00000000    00000000     UNINITIALIZED

.stack     0    20000000    00000200     UNINITIALIZED
                  20000000    00000200     --HOLE--

.data      0    20000200    00000014     UNINITIALIZED
                  20000200    00000008     rtsv7M4_T_le_v4SPD16_eabi.lib : _lock.obj (.data)
                  20000208    00000008                                   : exit.obj (.data)
                  20000210    00000004                                   : stkdepth_vars.obj (.data)

.bss       0    20000214    00000004     UNINITIALIZED
                  20000214    00000004     (.common:ADC0Value)

.TI.persistent 
*          0    20000200    00000000     UNINITIALIZED

.TI.noinit 
*          0    20000214    00000000     UNINITIALIZED


LINKER GENERATED COPY TABLES

__TI_cinit_table @ 00001d50 records: 2, size/record: 8, table size: 16
	.data: load addr=00001d28, load size=0000000f bytes, run addr=20000200, run size=00000014 bytes, compression=rle
	.bss: load addr=00001d48, load size=00000008 bytes, run addr=20000214, run size=00000004 bytes, compression=zero_init


LINKER GENERATED HANDLER TABLE

__TI_handler_table @ 00001d38 records: 3, size/record: 4, table size: 12
	index: 0, handler: __TI_decompress_rle24
	index: 1, handler: __TI_decompress_none
	index: 2, handler: __TI_zero_init


GLOBAL SYMBOLS: SORTED ALPHABETICALLY BY Name 

address   name                          
-------   ----                          
00000a81  ADC0SS1IntHandler             
20000214  ADC0Value                     
00001875  ADCHardwareOversampleConfigure
000018dd  ADCIntClear                   
00001855  ADCIntEnable                  
000018ad  ADCReferenceSet               
00001511  ADCSequenceConfigure          
000017e7  ADCSequenceDataGet            
00001883  ADCSequenceEnable             
0000127d  ADCSequenceStepConfigure      
000016a5  C$$EXIT                       
000018b9  CPUcpsie                      
00001920  DEN                           
00001d20  DL                            
00001d24  Freq                          
0000179d  GPIODirModeSet                
00000dad  GPIOPadConfigSet              
0000165d  GPIOPinConfigure              
00001831  GPIOPinTypeSSI                
00001449  IntEnable                     
00001865  IntMasterEnable               
00001d1c  NL                            
000019c8  NUM                           
000018d1  ResetISR                      
UNDEFED   SHT$$INIT_ARRAY$$Base         
UNDEFED   SHT$$INIT_ARRAY$$Limit        
000018fb  SSIBusy                       
0000172d  SSIConfigSetExpClk            
000018e7  SSIDataPut                    
000018f1  SSIEnable                     
00000ee1  SysCtlClockGet                
000010ed  SysCtlClockSet                
0000190b  SysCtlDelay                   
00001769  SysCtlPeripheralEnable        
00000a71  Timer0IntHandler              
000014b1  TimerConfigure                
00001569  TimerControlTrigger           
00001891  TimerEnable                   
00001917  TimerIntClear                 
00001903  TimerIntEnable                
00001843  TimerLoadSet                  
20000200  __STACK_END                   
00000200  __STACK_SIZE                  
20000200  __STACK_TOP                   
00001d50  __TI_CINIT_Base               
00001d60  __TI_CINIT_Limit              
00001d38  __TI_Handler_Table_Base       
00001d44  __TI_Handler_Table_Limit      
00001371  __TI_auto_init                
20000208  __TI_cleanup_ptr              
0000189f  __TI_decompress_none          
00001911  __TI_decompress_rle24         
2000020c  __TI_dtors_ptr                
00000000  __TI_static_base__            
000018c5  __TI_zero_init                
000016e9  __aeabi_d2uiz                 
00000acb  __aeabi_dadd                  
00000c77  __aeabi_ddiv                  
00000ff1  __aeabi_dmul                  
00000ac1  __aeabi_dsub                  
000012f7  __aeabi_memclr                
000012f7  __aeabi_memclr4               
000012f7  __aeabi_memclr8               
000011e1  __aeabi_memcpy                
000011e1  __aeabi_memcpy4               
000011e1  __aeabi_memcpy8               
000012f9  __aeabi_memset                
000012f9  __aeabi_memset4               
000012f9  __aeabi_memset8               
000017c7  __aeabi_ui2d                  
ffffffff  __binit__                     
ffffffff  __c_args__                    
20000000  __stack                       
00001805  _args_main                    
000015c1  _c_int00                      
20000200  _lock                         
0000182b  _nop                          
00001823  _register_lock                
0000181d  _register_unlock              
0000191b  _system_pre_init              
20000204  _unlock                       
000016a9  abort                         
ffffffff  binit                         
0000026d  cofigurar                     
00001611  copy_in                       
000016b1  exit                          
00000000  g_pfnVectors                  
00000379  main                          
20000210  main_func_sp                  
000011e1  memcpy                        
000012ff  memset                        


GLOBAL SYMBOLS: SORTED BY Symbol Address 

address   name                          
-------   ----                          
00000000  __TI_static_base__            
00000000  g_pfnVectors                  
00000200  __STACK_SIZE                  
0000026d  cofigurar                     
00000379  main                          
00000a71  Timer0IntHandler              
00000a81  ADC0SS1IntHandler             
00000ac1  __aeabi_dsub                  
00000acb  __aeabi_dadd                  
00000c77  __aeabi_ddiv                  
00000dad  GPIOPadConfigSet              
00000ee1  SysCtlClockGet                
00000ff1  __aeabi_dmul                  
000010ed  SysCtlClockSet                
000011e1  __aeabi_memcpy                
000011e1  __aeabi_memcpy4               
000011e1  __aeabi_memcpy8               
000011e1  memcpy                        
0000127d  ADCSequenceStepConfigure      
000012f7  __aeabi_memclr                
000012f7  __aeabi_memclr4               
000012f7  __aeabi_memclr8               
000012f9  __aeabi_memset                
000012f9  __aeabi_memset4               
000012f9  __aeabi_memset8               
000012ff  memset                        
00001371  __TI_auto_init                
00001449  IntEnable                     
000014b1  TimerConfigure                
00001511  ADCSequenceConfigure          
00001569  TimerControlTrigger           
000015c1  _c_int00                      
00001611  copy_in                       
0000165d  GPIOPinConfigure              
000016a5  C$$EXIT                       
000016a9  abort                         
000016b1  exit                          
000016e9  __aeabi_d2uiz                 
0000172d  SSIConfigSetExpClk            
00001769  SysCtlPeripheralEnable        
0000179d  GPIODirModeSet                
000017c7  __aeabi_ui2d                  
000017e7  ADCSequenceDataGet            
00001805  _args_main                    
0000181d  _register_unlock              
00001823  _register_lock                
0000182b  _nop                          
00001831  GPIOPinTypeSSI                
00001843  TimerLoadSet                  
00001855  ADCIntEnable                  
00001865  IntMasterEnable               
00001875  ADCHardwareOversampleConfigure
00001883  ADCSequenceEnable             
00001891  TimerEnable                   
0000189f  __TI_decompress_none          
000018ad  ADCReferenceSet               
000018b9  CPUcpsie                      
000018c5  __TI_zero_init                
000018d1  ResetISR                      
000018dd  ADCIntClear                   
000018e7  SSIDataPut                    
000018f1  SSIEnable                     
000018fb  SSIBusy                       
00001903  TimerIntEnable                
0000190b  SysCtlDelay                   
00001911  __TI_decompress_rle24         
00001917  TimerIntClear                 
0000191b  _system_pre_init              
00001920  DEN                           
000019c8  NUM                           
00001d1c  NL                            
00001d20  DL                            
00001d24  Freq                          
00001d38  __TI_Handler_Table_Base       
00001d44  __TI_Handler_Table_Limit      
00001d50  __TI_CINIT_Base               
00001d60  __TI_CINIT_Limit              
20000000  __stack                       
20000200  __STACK_END                   
20000200  __STACK_TOP                   
20000200  _lock                         
20000204  _unlock                       
20000208  __TI_cleanup_ptr              
2000020c  __TI_dtors_ptr                
20000210  main_func_sp                  
20000214  ADC0Value                     
ffffffff  __binit__                     
ffffffff  __c_args__                    
ffffffff  binit                         
UNDEFED   SHT$$INIT_ARRAY$$Base         
UNDEFED   SHT$$INIT_ARRAY$$Limit        

[91 symbols]
