******************************************************************************
                  TI ARM Linker PC v5.2.5                      
******************************************************************************
>> Linked Fri Jun 29 23:27:32 2018

OUTPUT FILE NAME:   <ADC.out>
ENTRY POINT SYMBOL: "_c_int00"  address: 000008ed


MEMORY CONFIGURATION

         name            origin    length      used     unused   attr    fill
----------------------  --------  ---------  --------  --------  ----  --------
  FLASH                 00000000   00040000  00000b5a  0003f4a6  R  X
  SRAM                  20000000   00008000  00000214  00007dec  RW X


SEGMENT ALLOCATION MAP

run origin  load origin   length   init length attrs members
----------  ----------- ---------- ----------- ----- -------
00000000    00000000    00000b60   00000b60    r-x
  00000000    00000000    0000026c   0000026c    r-- .intvecs
  0000026c    0000026c    000008ce   000008ce    r-x .text
  00000b40    00000b40    00000020   00000020    r-- .cinit
20000000    20000000    00000214   00000000    rw-
  20000000    20000000    00000200   00000000    rw- .stack
  20000200    20000200    00000014   00000000    rw- .data


SECTION ALLOCATION MAP

 output                                  attributes/
section   page    origin      length       input sections
--------  ----  ----------  ----------   ----------------
.intvecs   0    00000000    0000026c     
                  00000000    0000026c     tm4c123gh6pm_startup_ccs.obj (.intvecs)

.text      0    0000026c    000008ce     
                  0000026c    00000136     rtsv7M4_T_le_v4SPD16_eabi.lib : fd_div_t2.obj (.text)
                  000003a2    000000fc                                   : fd_mul_t2.obj (.text)
                  0000049e    00000002     --HOLE-- [fill = 0]
                  000004a0    000000f4     driverlib.lib : sysctl.obj (.text:SysCtlClockSet)
                  00000594    0000009c     rtsv7M4_T_le_v4SPD16_eabi.lib : memcpy_t2.obj (.text)
                  00000630    00000098     ADC.obj (.text)
                  000006c8    0000007a     driverlib.lib : adc.obj (.text:ADCSequenceStepConfigure)
                  00000742    0000007a     rtsv7M4_T_le_v4SPD16_eabi.lib : memset_t2.obj (.text)
                  000007bc    0000006c                                   : autoinit.obj (.text)
                  00000828    0000006a                                   : copy_decompress_rle.obj (.text)
                  00000892    00000002     --HOLE-- [fill = 0]
                  00000894    00000058     driverlib.lib : adc.obj (.text:ADCSequenceConfigure)
                  000008ec    00000050     rtsv7M4_T_le_v4SPD16_eabi.lib : boot.obj (.text)
                  0000093c    0000004c                                   : cpy_tbl.obj (.text)
                  00000988    00000048                                   : fd_tos_t2.obj (.text)
                  000009d0    00000044                                   : exit.obj (.text)
                  00000a14    00000034     driverlib.lib : sysctl.obj (.text:SysCtlPeripheralEnable)
                  00000a48    0000002e                   : adc.obj (.text:ADCIntStatus)
                  00000a76    00000020     rtsv7M4_T_le_v4SPD16_eabi.lib : u_tofd_t2.obj (.text)
                  00000a96    0000001e     driverlib.lib : adc.obj (.text:ADCSequenceDataGet)
                  00000ab4    00000018                   : adc.obj (.text:ADCProcessorTrigger)
                  00000acc    00000018     rtsv7M4_T_le_v4SPD16_eabi.lib : args_main.obj (.text)
                  00000ae4    00000014                                   : _lock.obj (.text)
                  00000af8    0000000e     driverlib.lib : adc.obj (.text:ADCSequenceEnable)
                  00000b06    0000000e     rtsv7M4_T_le_v4SPD16_eabi.lib : copy_decompress_none.obj (.text:decompress:none)
                  00000b14    0000000c     tm4c123gh6pm_startup_ccs.obj (.text)
                  00000b20    0000000a     driverlib.lib : adc.obj (.text:ADCIntClear)
                  00000b2a    00000006                   : sysctl.obj (.text:SysCtlDelay)
                  00000b30    00000006     rtsv7M4_T_le_v4SPD16_eabi.lib : copy_decompress_rle.obj (.text:decompress:rle24)
                  00000b36    00000004                                   : pre_init.obj (.text)

.cinit     0    00000b40    00000020     
                  00000b40    0000000f     (.cinit..data.load) [load image, compression = rle]
                  00000b4f    00000001     --HOLE-- [fill = 0]
                  00000b50    00000008     (__TI_handler_table)
                  00000b58    00000008     (__TI_cinit_table)

.init_array 
*          0    00000000    00000000     UNINITIALIZED

.stack     0    20000000    00000200     UNINITIALIZED
                  20000000    00000200     --HOLE--

.data      0    20000200    00000014     UNINITIALIZED
                  20000200    00000008     rtsv7M4_T_le_v4SPD16_eabi.lib : _lock.obj (.data)
                  20000208    00000008                                   : exit.obj (.data)
                  20000210    00000004                                   : stkdepth_vars.obj (.data)

.TI.persistent 
*          0    20000200    00000000     UNINITIALIZED


LINKER GENERATED COPY TABLES

__TI_cinit_table @ 00000b58 records: 1, size/record: 8, table size: 8
	.data: load addr=00000b40, load size=0000000f bytes, run addr=20000200, run size=00000014 bytes, compression=rle


LINKER GENERATED HANDLER TABLE

__TI_handler_table @ 00000b50 records: 2, size/record: 4, table size: 8
	index: 0, handler: __TI_decompress_rle24
	index: 1, handler: __TI_decompress_none


GLOBAL SYMBOLS: SORTED ALPHABETICALLY BY Name 

address   name                    
-------   ----                    
00000b21  ADCIntClear             
00000a49  ADCIntStatus            
00000ab5  ADCProcessorTrigger     
00000895  ADCSequenceConfigure    
00000a97  ADCSequenceDataGet      
00000af9  ADCSequenceEnable       
000006c9  ADCSequenceStepConfigure
000009d1  C$$EXIT                 
00000b15  ResetISR                
UNDEFED   SHT$$INIT_ARRAY$$Base   
UNDEFED   SHT$$INIT_ARRAY$$Limit  
000004a1  SysCtlClockSet          
00000b2b  SysCtlDelay             
00000a15  SysCtlPeripheralEnable  
20000200  __STACK_END             
00000200  __STACK_SIZE            
20000200  __STACK_TOP             
00000b58  __TI_CINIT_Base         
00000b60  __TI_CINIT_Limit        
00000b50  __TI_Handler_Table_Base 
00000b58  __TI_Handler_Table_Limit
000007bd  __TI_auto_init          
20000208  __TI_cleanup_ptr        
00000b07  __TI_decompress_none    
00000b31  __TI_decompress_rle24   
2000020c  __TI_dtors_ptr          
00000000  __TI_static_base__      
00000989  __aeabi_d2f             
0000026d  __aeabi_ddiv            
000003a3  __aeabi_dmul            
00000743  __aeabi_memclr          
00000743  __aeabi_memclr4         
00000743  __aeabi_memclr8         
00000595  __aeabi_memcpy          
00000595  __aeabi_memcpy4         
00000595  __aeabi_memcpy8         
00000745  __aeabi_memset          
00000745  __aeabi_memset4         
00000745  __aeabi_memset8         
00000a77  __aeabi_ui2d            
ffffffff  __binit__               
ffffffff  __c_args__              
20000000  __stack                 
00000acd  _args_main              
000008ed  _c_int00                
20000200  _lock                   
00000af3  _nop                    
00000aeb  _register_lock          
00000ae5  _register_unlock        
00000b37  _system_pre_init        
20000204  _unlock                 
000009d5  abort                   
ffffffff  binit                   
0000093d  copy_in                 
000009dd  exit                    
00000000  g_pfnVectors            
00000631  main                    
20000210  main_func_sp            
00000595  memcpy                  
0000074b  memset                  


GLOBAL SYMBOLS: SORTED BY Symbol Address 

address   name                    
-------   ----                    
00000000  __TI_static_base__      
00000000  g_pfnVectors            
00000200  __STACK_SIZE            
0000026d  __aeabi_ddiv            
000003a3  __aeabi_dmul            
000004a1  SysCtlClockSet          
00000595  __aeabi_memcpy          
00000595  __aeabi_memcpy4         
00000595  __aeabi_memcpy8         
00000595  memcpy                  
00000631  main                    
000006c9  ADCSequenceStepConfigure
00000743  __aeabi_memclr          
00000743  __aeabi_memclr4         
00000743  __aeabi_memclr8         
00000745  __aeabi_memset          
00000745  __aeabi_memset4         
00000745  __aeabi_memset8         
0000074b  memset                  
000007bd  __TI_auto_init          
00000895  ADCSequenceConfigure    
000008ed  _c_int00                
0000093d  copy_in                 
00000989  __aeabi_d2f             
000009d1  C$$EXIT                 
000009d5  abort                   
000009dd  exit                    
00000a15  SysCtlPeripheralEnable  
00000a49  ADCIntStatus            
00000a77  __aeabi_ui2d            
00000a97  ADCSequenceDataGet      
00000ab5  ADCProcessorTrigger     
00000acd  _args_main              
00000ae5  _register_unlock        
00000aeb  _register_lock          
00000af3  _nop                    
00000af9  ADCSequenceEnable       
00000b07  __TI_decompress_none    
00000b15  ResetISR                
00000b21  ADCIntClear             
00000b2b  SysCtlDelay             
00000b31  __TI_decompress_rle24   
00000b37  _system_pre_init        
00000b50  __TI_Handler_Table_Base 
00000b58  __TI_CINIT_Base         
00000b58  __TI_Handler_Table_Limit
00000b60  __TI_CINIT_Limit        
20000000  __stack                 
20000200  __STACK_END             
20000200  __STACK_TOP             
20000200  _lock                   
20000204  _unlock                 
20000208  __TI_cleanup_ptr        
2000020c  __TI_dtors_ptr          
20000210  main_func_sp            
ffffffff  __binit__               
ffffffff  __c_args__              
ffffffff  binit                   
UNDEFED   SHT$$INIT_ARRAY$$Base   
UNDEFED   SHT$$INIT_ARRAY$$Limit  

[60 symbols]
