******************************************************************************
                  TI ARM Linker PC v5.2.5                      
******************************************************************************
>> Linked Fri Jun 29 23:28:10 2018

OUTPUT FILE NAME:   <DAC4922.out>
ENTRY POINT SYMBOL: "_c_int00"  address: 00000851


MEMORY CONFIGURATION

         name            origin    length      used     unused   attr    fill
----------------------  --------  ---------  --------  --------  ----  --------
  FLASH                 00000000   00040000  00000bf4  0003f40c  R  X
  SRAM                  20000000   00008000  00000214  00007dec  RW X


SEGMENT ALLOCATION MAP

run origin  load origin   length   init length attrs members
----------  ----------- ---------- ----------- ----- -------
00000000    00000000    00000bf8   00000bf8    r-x
  00000000    00000000    0000026c   0000026c    r-- .intvecs
  0000026c    0000026c    0000082c   0000082c    r-x .text
  00000a98    00000a98    0000013c   0000013c    r-- .const
  00000bd8    00000bd8    00000020   00000020    r-- .cinit
20000000    20000000    00000214   00000000    rw-
  20000000    20000000    00000200   00000000    rw- .stack
  20000200    20000200    00000014   00000000    rw- .data


SECTION ALLOCATION MAP

 output                                  attributes/
section   page    origin      length       input sections
--------  ----  ----------  ----------   ----------------
.intvecs   0    00000000    0000026c     
                  00000000    0000026c     tm4c123gh6pm_startup_ccs.obj (.intvecs)

.text      0    0000026c    0000082c     
                  0000026c    00000132     driverlib.lib : gpio.obj (.text:GPIOPadConfigSet)
                  0000039e    00000002     --HOLE-- [fill = 0]
                  000003a0    00000110                   : sysctl.obj (.text:SysCtlClockGet)
                  000004b0    000000f4                   : sysctl.obj (.text:SysCtlClockSet)
                  000005a4    000000bc     DAC4922.obj (.text)
                  00000660    0000009c     rtsv7M4_T_le_v4SPD16_eabi.lib : memcpy_t2.obj (.text)
                  000006fc    0000007a                                   : memset_t2.obj (.text)
                  00000776    00000002     --HOLE-- [fill = 0]
                  00000778    0000006c                                   : autoinit.obj (.text)
                  000007e4    0000006a                                   : copy_decompress_rle.obj (.text)
                  0000084e    00000002     --HOLE-- [fill = 0]
                  00000850    00000050                                   : boot.obj (.text)
                  000008a0    0000004c                                   : cpy_tbl.obj (.text)
                  000008ec    00000048     driverlib.lib : gpio.obj (.text:GPIOPinConfigure)
                  00000934    00000044     rtsv7M4_T_le_v4SPD16_eabi.lib : exit.obj (.text)
                  00000978    0000003c     driverlib.lib : ssi.obj (.text:SSIConfigSetExpClk)
                  000009b4    00000034                   : sysctl.obj (.text:SysCtlPeripheralEnable)
                  000009e8    0000002a                   : gpio.obj (.text:GPIODirModeSet)
                  00000a12    00000002     --HOLE-- [fill = 0]
                  00000a14    00000018     rtsv7M4_T_le_v4SPD16_eabi.lib : args_main.obj (.text)
                  00000a2c    00000014                                   : _lock.obj (.text)
                  00000a40    00000012     driverlib.lib : gpio.obj (.text:GPIOPinTypeSSI)
                  00000a52    0000000e     rtsv7M4_T_le_v4SPD16_eabi.lib : copy_decompress_none.obj (.text:decompress:none)
                  00000a60    0000000c     tm4c123gh6pm_startup_ccs.obj (.text)
                  00000a6c    0000000a     driverlib.lib : ssi.obj (.text:SSIDataPut)
                  00000a76    0000000a                   : ssi.obj (.text:SSIEnable)
                  00000a80    00000008                   : ssi.obj (.text:SSIBusy)
                  00000a88    00000006                   : sysctl.obj (.text:SysCtlDelay)
                  00000a8e    00000006     rtsv7M4_T_le_v4SPD16_eabi.lib : copy_decompress_rle.obj (.text:decompress:rle24)
                  00000a94    00000004                                   : pre_init.obj (.text)

.const     0    00000a98    0000013c     
                  00000a98    00000090     driverlib.lib : gpio.obj (.const:g_pui32GPIOBaseAddrs)
                  00000b28    0000006c                   : sysctl.obj (.const:g_pui32Xtals)
                  00000b94    00000040     DAC4922.obj (.const:muestras)

.cinit     0    00000bd8    00000020     
                  00000bd8    0000000f     (.cinit..data.load) [load image, compression = rle]
                  00000be7    00000001     --HOLE-- [fill = 0]
                  00000be8    00000008     (__TI_handler_table)
                  00000bf0    00000008     (__TI_cinit_table)

.init_array 
*          0    00000000    00000000     UNINITIALIZED

.stack     0    20000000    00000200     UNINITIALIZED
                  20000000    00000200     --HOLE--

.data      0    20000200    00000014     UNINITIALIZED
                  20000200    00000008     rtsv7M4_T_le_v4SPD16_eabi.lib : _lock.obj (.data)
                  20000208    00000008                                   : exit.obj (.data)
                  20000210    00000004                                   : stkdepth_vars.obj (.data)

.TI.persistent 
*          0    20000200    00000000     UNINITIALIZED


LINKER GENERATED COPY TABLES

__TI_cinit_table @ 00000bf0 records: 1, size/record: 8, table size: 8
	.data: load addr=00000bd8, load size=0000000f bytes, run addr=20000200, run size=00000014 bytes, compression=rle


LINKER GENERATED HANDLER TABLE

__TI_handler_table @ 00000be8 records: 2, size/record: 4, table size: 8
	index: 0, handler: __TI_decompress_rle24
	index: 1, handler: __TI_decompress_none


GLOBAL SYMBOLS: SORTED ALPHABETICALLY BY Name 

address   name                    
-------   ----                    
00000935  C$$EXIT                 
000005a5  DAC_config              
000009e9  GPIODirModeSet          
0000026d  GPIOPadConfigSet        
000008ed  GPIOPinConfigure        
00000a41  GPIOPinTypeSSI          
00000a61  ResetISR                
UNDEFED   SHT$$INIT_ARRAY$$Base   
UNDEFED   SHT$$INIT_ARRAY$$Limit  
00000a81  SSIBusy                 
00000979  SSIConfigSetExpClk      
00000a6d  SSIDataPut              
00000a77  SSIEnable               
000003a1  SysCtlClockGet          
000004b1  SysCtlClockSet          
00000a89  SysCtlDelay             
000009b5  SysCtlPeripheralEnable  
20000200  __STACK_END             
00000200  __STACK_SIZE            
20000200  __STACK_TOP             
00000bf0  __TI_CINIT_Base         
00000bf8  __TI_CINIT_Limit        
00000be8  __TI_Handler_Table_Base 
00000bf0  __TI_Handler_Table_Limit
00000779  __TI_auto_init          
20000208  __TI_cleanup_ptr        
00000a53  __TI_decompress_none    
00000a8f  __TI_decompress_rle24   
2000020c  __TI_dtors_ptr          
00000000  __TI_static_base__      
000006fd  __aeabi_memclr          
000006fd  __aeabi_memclr4         
000006fd  __aeabi_memclr8         
00000661  __aeabi_memcpy          
00000661  __aeabi_memcpy4         
00000661  __aeabi_memcpy8         
000006ff  __aeabi_memset          
000006ff  __aeabi_memset4         
000006ff  __aeabi_memset8         
ffffffff  __binit__               
ffffffff  __c_args__              
20000000  __stack                 
00000a15  _args_main              
00000851  _c_int00                
20000200  _lock                   
00000a3b  _nop                    
00000a33  _register_lock          
00000a2d  _register_unlock        
00000a95  _system_pre_init        
20000204  _unlock                 
00000939  abort                   
ffffffff  binit                   
000008a1  copy_in                 
00000941  exit                    
00000000  g_pfnVectors            
000005f5  main                    
20000210  main_func_sp            
00000661  memcpy                  
00000705  memset                  
00000b94  muestras                


GLOBAL SYMBOLS: SORTED BY Symbol Address 

address   name                    
-------   ----                    
00000000  __TI_static_base__      
00000000  g_pfnVectors            
00000200  __STACK_SIZE            
0000026d  GPIOPadConfigSet        
000003a1  SysCtlClockGet          
000004b1  SysCtlClockSet          
000005a5  DAC_config              
000005f5  main                    
00000661  __aeabi_memcpy          
00000661  __aeabi_memcpy4         
00000661  __aeabi_memcpy8         
00000661  memcpy                  
000006fd  __aeabi_memclr          
000006fd  __aeabi_memclr4         
000006fd  __aeabi_memclr8         
000006ff  __aeabi_memset          
000006ff  __aeabi_memset4         
000006ff  __aeabi_memset8         
00000705  memset                  
00000779  __TI_auto_init          
00000851  _c_int00                
000008a1  copy_in                 
000008ed  GPIOPinConfigure        
00000935  C$$EXIT                 
00000939  abort                   
00000941  exit                    
00000979  SSIConfigSetExpClk      
000009b5  SysCtlPeripheralEnable  
000009e9  GPIODirModeSet          
00000a15  _args_main              
00000a2d  _register_unlock        
00000a33  _register_lock          
00000a3b  _nop                    
00000a41  GPIOPinTypeSSI          
00000a53  __TI_decompress_none    
00000a61  ResetISR                
00000a6d  SSIDataPut              
00000a77  SSIEnable               
00000a81  SSIBusy                 
00000a89  SysCtlDelay             
00000a8f  __TI_decompress_rle24   
00000a95  _system_pre_init        
00000b94  muestras                
00000be8  __TI_Handler_Table_Base 
00000bf0  __TI_CINIT_Base         
00000bf0  __TI_Handler_Table_Limit
00000bf8  __TI_CINIT_Limit        
20000000  __stack                 
20000200  __STACK_END             
20000200  __STACK_TOP             
20000200  _lock                   
20000204  _unlock                 
20000208  __TI_cleanup_ptr        
2000020c  __TI_dtors_ptr          
20000210  main_func_sp            
ffffffff  __binit__               
ffffffff  __c_args__              
ffffffff  binit                   
UNDEFED   SHT$$INIT_ARRAY$$Base   
UNDEFED   SHT$$INIT_ARRAY$$Limit  

[60 symbols]
