******************************************************************************
                  TI ARM Linker PC v5.2.5                      
******************************************************************************
>> Linked Fri Jun 29 23:46:53 2018

OUTPUT FILE NAME:   <Matematica.out>
ENTRY POINT SYMBOL: "_c_int00"  address: 00001f15


MEMORY CONFIGURATION

         name            origin    length      used     unused   attr    fill
----------------------  --------  ---------  --------  --------  ----  --------
  FLASH                 00000000   00040000  0000248e  0003db72  R  X
  SRAM                  20000000   00008000  000003c0  00007c40  RW X


SEGMENT ALLOCATION MAP

run origin  load origin   length   init length attrs members
----------  ----------- ---------- ----------- ----- -------
00000000    00000000    00002494   00002494    r-x
  00000000    00000000    0000026c   0000026c    r-- .intvecs
  0000026c    0000026c    00001ff6   00001ff6    r-x .text
  00002268    00002268    000001b8   000001b8    r-- .const
  00002420    00002420    00000074   00000074    r-- .cinit
20000000    20000000    000003c0   00000000    rw-
  20000000    20000000    00000200   00000000    rw- .stack
  20000200    20000200    000001c0   00000000    rw- .data


SECTION ALLOCATION MAP

 output                                  attributes/
section   page    origin      length       input sections
--------  ----  ----------  ----------   ----------------
.intvecs   0    00000000    0000026c     
                  00000000    0000026c     tm4c123gh6pm_startup_ccs.obj (.intvecs)

.text      0    0000026c    00001ff6     
                  0000026c    00000498     rtsv7M4_T_le_v4SPD16_eabi.lib : pow.obj (.text)
                  00000704    000002ec                                   : xlog.obj (.text)
                  000009f0    00000294                                   : xsin.obj (.text)
                  00000c84    000001fc                                   : xexp.obj (.text)
                  00000e80    000001b6                                   : fd_add_t2.obj (.text)
                  00001036    00000002     --HOLE-- [fill = 0]
                  00001038    0000018c                                   : xatan.obj (.text)
                  000011c4    00000174                                   : fmod.obj (.text)
                  00001338    00000148                                   : sqrt.obj (.text)
                  00001480    00000136                                   : fd_div_t2.obj (.text)
                  000015b6    00000002     --HOLE-- [fill = 0]
                  000015b8    0000012c     mate.obj (.text)
                  000016e4    00000110     rtsv7M4_T_le_v4SPD16_eabi.lib : xdscale.obj (.text)
                  000017f4    000000fc                                   : fd_mul_t2.obj (.text)
                  000018f0    000000f4     driverlib.lib : sysctl.obj (.text:SysCtlClockSet)
                  000019e4    000000d8     rtsv7M4_T_le_v4SPD16_eabi.lib : atan.obj (.text)
                  00001abc    000000c0                                   : xdint.obj (.text)
                  00001b7c    000000be                                   : xdnorm.obj (.text)
                  00001c3a    0000009c                                   : memcpy_t2.obj (.text)
                  00001cd6    00000086                                   : fd_cmp_t2.obj (.text:__aeabi_cdcmple)
                  00001d5c    0000007a                                   : memset_t2.obj (.text)
                  00001dd6    00000002     --HOLE-- [fill = 0]
                  00001dd8    0000006c                                   : autoinit.obj (.text)
                  00001e44    0000006a                                   : copy_decompress_rle.obj (.text)
                  00001eae    00000066                                   : xdunscal.obj (.text)
                  00001f14    00000050                                   : boot.obj (.text)
                  00001f64    0000004c                                   : cpy_tbl.obj (.text)
                  00001fb0    00000048                                   : fd_toi_t2.obj (.text)
                  00001ff8    00000048                                   : fd_tos_t2.obj (.text)
                  00002040    00000044                                   : exit.obj (.text)
                  00002084    00000040                                   : signal.obj (.text)
                  000020c4    00000038                                   : fs_tod_t2.obj (.text)
                  000020fc    00000034                                   : feraiseexcept.obj (.text)
                  00002130    00000030                                   : xferaise.obj (.text)
                  00002160    0000002e                                   : i_tofd_t2.obj (.text)
                  0000218e    0000002e                                   : raise.obj (.text)
                  000021bc    0000001a                                   : cos.obj (.text)
                  000021d6    0000001a                                   : log.obj (.text)
                  000021f0    0000001a                                   : sin.obj (.text)
                  0000220a    00000002     --HOLE-- [fill = 0]
                  0000220c    00000018                                   : args_main.obj (.text)
                  00002224    00000014                                   : _lock.obj (.text)
                  00002238    0000000e                                   : copy_decompress_none.obj (.text:decompress:none)
                  00002246    0000000c     tm4c123gh6pm_startup_ccs.obj (.text)
                  00002252    00000006     driverlib.lib : sysctl.obj (.text:SysCtlDelay)
                  00002258    00000006     rtsv7M4_T_le_v4SPD16_eabi.lib : copy_decompress_rle.obj (.text:decompress:rle24)
                  0000225e    00000004                                   : pre_init.obj (.text)

.const     0    00002268    000001b8     
                  00002268    00000088     rtsv7M4_T_le_v4SPD16_eabi.lib : xatan.obj (.const)
                  000022f0    00000080                                   : xsin.obj (.const)
                  00002370    00000048                                   : xexp.obj (.const)
                  000023b8    00000038                                   : xlog.obj (.const:p)
                  000023f0    00000030                                   : xdint.obj (.const)

.cinit     0    00002420    00000074     
                  00002420    00000063     (.cinit..data.load) [load image, compression = rle]
                  00002483    00000001     --HOLE-- [fill = 0]
                  00002484    00000008     (__TI_handler_table)
                  0000248c    00000008     (__TI_cinit_table)

.init_array 
*          0    00000000    00000000     UNINITIALIZED

.stack     0    20000000    00000200     UNINITIALIZED
                  20000000    00000200     --HOLE--

.data      0    20000200    000001c0     UNINITIALIZED
                  20000200    000000b0     rtsv7M4_T_le_v4SPD16_eabi.lib : signal.obj (.data:sigtable)
                  200002b0    00000080                                   : xvalues.obj (.data)
                  20000330    00000068                                   : xfvalues.obj (.data)
                  20000398    00000008     mate.obj (.data)
                  200003a0    00000008     rtsv7M4_T_le_v4SPD16_eabi.lib : _lock.obj (.data)
                  200003a8    00000008                                   : exit.obj (.data)
                  200003b0    00000008                                   : feraiseexcept.obj (.data)
                  200003b8    00000004                                   : errno.obj (.data)
                  200003bc    00000004                                   : stkdepth_vars.obj (.data)

.TI.persistent 
*          0    20000200    00000000     UNINITIALIZED


LINKER GENERATED COPY TABLES

__TI_cinit_table @ 0000248c records: 1, size/record: 8, table size: 8
	.data: load addr=00002420, load size=00000063 bytes, run addr=20000200, run size=000001c0 bytes, compression=rle


LINKER GENERATED HANDLER TABLE

__TI_handler_table @ 00002484 records: 2, size/record: 4, table size: 8
	index: 0, handler: __TI_decompress_rle24
	index: 1, handler: __TI_decompress_none


GLOBAL SYMBOLS: SORTED ALPHABETICALLY BY Name 

address   name                    
-------   ----                    
00002041  C$$EXIT                 
00002247  ResetISR                
UNDEFED   SHT$$INIT_ARRAY$$Base   
UNDEFED   SHT$$INIT_ARRAY$$Limit  
000018f1  SysCtlClockSet          
00002253  SysCtlDelay             
00001039  _Atan                   
200002b0  _Denorm                 
00001abd  _Dint                   
00001b7d  _Dnorm                  
000016e5  _Dscale                 
00001eaf  _Dunscale               
200002c0  _Eps                    
200003b8  _Errno                  
00000c85  _Exp                    
20000330  _FDenorm                
20000340  _FEps                   
20000350  _FInf                   
20000360  _FNan                   
20000380  _FRteps                 
20000370  _FSnan                  
20000390  _FXbig                  
20000394  _FZero                  
200003b0  _Fenv                   
00002131  _Feraise                
200002d0  _Hugeval                
200002e0  _Inf                    
00000705  _Log                    
200002f0  _Nan                    
20000310  _Rteps                  
000009f1  _Sin                    
20000300  _Snan                   
200003b4  _Tls_setup__Fenv        
20000320  _Xbig                   
20000328  _Zero                   
20000200  __STACK_END             
00000200  __STACK_SIZE            
20000200  __STACK_TOP             
0000248c  __TI_CINIT_Base         
00002494  __TI_CINIT_Limit        
00002484  __TI_Handler_Table_Base 
0000248c  __TI_Handler_Table_Limit
00001dd9  __TI_auto_init          
200003a8  __TI_cleanup_ptr        
00002239  __TI_decompress_none    
00002259  __TI_decompress_rle24   
200003ac  __TI_dtors_ptr          
00000000  __TI_static_base__      
00001cd7  __aeabi_cdcmpeq         
00001cd7  __aeabi_cdcmple         
00001ff9  __aeabi_d2f             
00001fb1  __aeabi_d2iz            
00000e8b  __aeabi_dadd            
00001481  __aeabi_ddiv            
000017f5  __aeabi_dmul            
00000e81  __aeabi_dsub            
000020c5  __aeabi_f2d             
00002161  __aeabi_i2d             
00001d5d  __aeabi_memclr          
00001d5d  __aeabi_memclr4         
00001d5d  __aeabi_memclr8         
00001c3b  __aeabi_memcpy          
00001c3b  __aeabi_memcpy4         
00001c3b  __aeabi_memcpy8         
00001d5f  __aeabi_memset          
00001d5f  __aeabi_memset4         
00001d5f  __aeabi_memset8         
ffffffff  __binit__               
ffffffff  __c_args__              
20000000  __stack                 
0000220d  _args_main              
00001f15  _c_int00                
200003a0  _lock                   
00002233  _nop                    
0000222b  _register_lock          
00002225  _register_unlock        
0000225f  _system_pre_init        
200003a4  _unlock                 
00002045  abort                   
000019e5  atan                    
ffffffff  binit                   
000015b9  complejo                
00001f65  copy_in                 
000021bd  cos                     
0000204d  exit                    
2000039c  fase                    
000020fd  feraiseexcept           
000011c5  fmod                    
00000000  g_pfnVectors            
000021d7  log                     
20000398  magnitud                
00001649  main                    
200003bc  main_func_sp            
00001c3b  memcpy                  
00001d65  memset                  
0000026d  pow                     
0000218f  raise                   
00002085  signal                  
000021f1  sin                     
00001339  sqrt                    


GLOBAL SYMBOLS: SORTED BY Symbol Address 

address   name                    
-------   ----                    
00000000  __TI_static_base__      
00000000  g_pfnVectors            
00000200  __STACK_SIZE            
0000026d  pow                     
00000705  _Log                    
000009f1  _Sin                    
00000c85  _Exp                    
00000e81  __aeabi_dsub            
00000e8b  __aeabi_dadd            
00001039  _Atan                   
000011c5  fmod                    
00001339  sqrt                    
00001481  __aeabi_ddiv            
000015b9  complejo                
00001649  main                    
000016e5  _Dscale                 
000017f5  __aeabi_dmul            
000018f1  SysCtlClockSet          
000019e5  atan                    
00001abd  _Dint                   
00001b7d  _Dnorm                  
00001c3b  __aeabi_memcpy          
00001c3b  __aeabi_memcpy4         
00001c3b  __aeabi_memcpy8         
00001c3b  memcpy                  
00001cd7  __aeabi_cdcmpeq         
00001cd7  __aeabi_cdcmple         
00001d5d  __aeabi_memclr          
00001d5d  __aeabi_memclr4         
00001d5d  __aeabi_memclr8         
00001d5f  __aeabi_memset          
00001d5f  __aeabi_memset4         
00001d5f  __aeabi_memset8         
00001d65  memset                  
00001dd9  __TI_auto_init          
00001eaf  _Dunscale               
00001f15  _c_int00                
00001f65  copy_in                 
00001fb1  __aeabi_d2iz            
00001ff9  __aeabi_d2f             
00002041  C$$EXIT                 
00002045  abort                   
0000204d  exit                    
00002085  signal                  
000020c5  __aeabi_f2d             
000020fd  feraiseexcept           
00002131  _Feraise                
00002161  __aeabi_i2d             
0000218f  raise                   
000021bd  cos                     
000021d7  log                     
000021f1  sin                     
0000220d  _args_main              
00002225  _register_unlock        
0000222b  _register_lock          
00002233  _nop                    
00002239  __TI_decompress_none    
00002247  ResetISR                
00002253  SysCtlDelay             
00002259  __TI_decompress_rle24   
0000225f  _system_pre_init        
00002484  __TI_Handler_Table_Base 
0000248c  __TI_CINIT_Base         
0000248c  __TI_Handler_Table_Limit
00002494  __TI_CINIT_Limit        
20000000  __stack                 
20000200  __STACK_END             
20000200  __STACK_TOP             
200002b0  _Denorm                 
200002c0  _Eps                    
200002d0  _Hugeval                
200002e0  _Inf                    
200002f0  _Nan                    
20000300  _Snan                   
20000310  _Rteps                  
20000320  _Xbig                   
20000328  _Zero                   
20000330  _FDenorm                
20000340  _FEps                   
20000350  _FInf                   
20000360  _FNan                   
20000370  _FSnan                  
20000380  _FRteps                 
20000390  _FXbig                  
20000394  _FZero                  
20000398  magnitud                
2000039c  fase                    
200003a0  _lock                   
200003a4  _unlock                 
200003a8  __TI_cleanup_ptr        
200003ac  __TI_dtors_ptr          
200003b0  _Fenv                   
200003b4  _Tls_setup__Fenv        
200003b8  _Errno                  
200003bc  main_func_sp            
ffffffff  __binit__               
ffffffff  __c_args__              
ffffffff  binit                   
UNDEFED   SHT$$INIT_ARRAY$$Base   
UNDEFED   SHT$$INIT_ARRAY$$Limit  

[100 symbols]
