<?xml version="1.0"?>
<link_info>
   <banner>TI ARM Linker PC v5.2.5</banner>
   <copyright>Copyright (c) 1996-2015 Texas Instruments Incorporated</copyright>
   <link_time>0x5b370b3d</link_time>
   <link_errors>0x0</link_errors>
   <output_file>Matematica.out</output_file>
   <entry_point>
      <name>_c_int00</name>
      <address>0x1f15</address>
   </entry_point>
   <input_file_list>
      <input_file id="fl-2">
         <path>.\</path>
         <kind>object</kind>
         <file>mate.obj</file>
         <name>mate.obj</name>
      </input_file>
      <input_file id="fl-3">
         <path>.\</path>
         <kind>object</kind>
         <file>tm4c123gh6pm_startup_ccs.obj</file>
         <name>tm4c123gh6pm_startup_ccs.obj</name>
      </input_file>
      <input_file id="fl-9">
         <path>C:\ti\TivaWare_C_Series-2.1.3.156\driverlib\ccs\Debug\</path>
         <kind>archive</kind>
         <file>driverlib.lib</file>
         <name>sysctl.obj</name>
      </input_file>
      <input_file id="fl-a">
         <path>C:\ti\TivaWare_C_Series-2.1.3.156\driverlib\ccs\Debug\</path>
         <kind>archive</kind>
         <file>driverlib.lib</file>
         <name>cpu.obj</name>
      </input_file>
      <input_file id="fl-b">
         <path>C:\ti\TivaWare_C_Series-2.1.3.156\driverlib\ccs\Debug\</path>
         <kind>archive</kind>
         <file>driverlib.lib</file>
         <name>interrupt.obj</name>
      </input_file>
      <input_file id="fl-12d">
         <path>C:\ti\ccsv6\tools\compiler\ti-cgt-arm_5.2.5\lib\</path>
         <kind>archive</kind>
         <file>rtsv7M4_T_le_v4SPD16_eabi.lib</file>
         <name>atan.obj</name>
      </input_file>
      <input_file id="fl-12e">
         <path>C:\ti\ccsv6\tools\compiler\ti-cgt-arm_5.2.5\lib\</path>
         <kind>archive</kind>
         <file>rtsv7M4_T_le_v4SPD16_eabi.lib</file>
         <name>boot.obj</name>
      </input_file>
      <input_file id="fl-12f">
         <path>C:\ti\ccsv6\tools\compiler\ti-cgt-arm_5.2.5\lib\</path>
         <kind>archive</kind>
         <file>rtsv7M4_T_le_v4SPD16_eabi.lib</file>
         <name>copy_decompress_none.obj</name>
      </input_file>
      <input_file id="fl-130">
         <path>C:\ti\ccsv6\tools\compiler\ti-cgt-arm_5.2.5\lib\</path>
         <kind>archive</kind>
         <file>rtsv7M4_T_le_v4SPD16_eabi.lib</file>
         <name>copy_decompress_rle.obj</name>
      </input_file>
      <input_file id="fl-131">
         <path>C:\ti\ccsv6\tools\compiler\ti-cgt-arm_5.2.5\lib\</path>
         <kind>archive</kind>
         <file>rtsv7M4_T_le_v4SPD16_eabi.lib</file>
         <name>copy_zero_init.obj</name>
      </input_file>
      <input_file id="fl-132">
         <path>C:\ti\ccsv6\tools\compiler\ti-cgt-arm_5.2.5\lib\</path>
         <kind>archive</kind>
         <file>rtsv7M4_T_le_v4SPD16_eabi.lib</file>
         <name>cos.obj</name>
      </input_file>
      <input_file id="fl-133">
         <path>C:\ti\ccsv6\tools\compiler\ti-cgt-arm_5.2.5\lib\</path>
         <kind>archive</kind>
         <file>rtsv7M4_T_le_v4SPD16_eabi.lib</file>
         <name>exit.obj</name>
      </input_file>
      <input_file id="fl-134">
         <path>C:\ti\ccsv6\tools\compiler\ti-cgt-arm_5.2.5\lib\</path>
         <kind>archive</kind>
         <file>rtsv7M4_T_le_v4SPD16_eabi.lib</file>
         <name>fd_add_t2.obj</name>
      </input_file>
      <input_file id="fl-135">
         <path>C:\ti\ccsv6\tools\compiler\ti-cgt-arm_5.2.5\lib\</path>
         <kind>archive</kind>
         <file>rtsv7M4_T_le_v4SPD16_eabi.lib</file>
         <name>fd_cmp_t2.obj</name>
      </input_file>
      <input_file id="fl-136">
         <path>C:\ti\ccsv6\tools\compiler\ti-cgt-arm_5.2.5\lib\</path>
         <kind>archive</kind>
         <file>rtsv7M4_T_le_v4SPD16_eabi.lib</file>
         <name>fd_div_t2.obj</name>
      </input_file>
      <input_file id="fl-137">
         <path>C:\ti\ccsv6\tools\compiler\ti-cgt-arm_5.2.5\lib\</path>
         <kind>archive</kind>
         <file>rtsv7M4_T_le_v4SPD16_eabi.lib</file>
         <name>fd_mul_t2.obj</name>
      </input_file>
      <input_file id="fl-138">
         <path>C:\ti\ccsv6\tools\compiler\ti-cgt-arm_5.2.5\lib\</path>
         <kind>archive</kind>
         <file>rtsv7M4_T_le_v4SPD16_eabi.lib</file>
         <name>fd_toi_t2.obj</name>
      </input_file>
      <input_file id="fl-139">
         <path>C:\ti\ccsv6\tools\compiler\ti-cgt-arm_5.2.5\lib\</path>
         <kind>archive</kind>
         <file>rtsv7M4_T_le_v4SPD16_eabi.lib</file>
         <name>fd_tos_t2.obj</name>
      </input_file>
      <input_file id="fl-13a">
         <path>C:\ti\ccsv6\tools\compiler\ti-cgt-arm_5.2.5\lib\</path>
         <kind>archive</kind>
         <file>rtsv7M4_T_le_v4SPD16_eabi.lib</file>
         <name>fs_tod_t2.obj</name>
      </input_file>
      <input_file id="fl-13b">
         <path>C:\ti\ccsv6\tools\compiler\ti-cgt-arm_5.2.5\lib\</path>
         <kind>archive</kind>
         <file>rtsv7M4_T_le_v4SPD16_eabi.lib</file>
         <name>i_tofd_t2.obj</name>
      </input_file>
      <input_file id="fl-13c">
         <path>C:\ti\ccsv6\tools\compiler\ti-cgt-arm_5.2.5\lib\</path>
         <kind>archive</kind>
         <file>rtsv7M4_T_le_v4SPD16_eabi.lib</file>
         <name>memcpy_t2.obj</name>
      </input_file>
      <input_file id="fl-13d">
         <path>C:\ti\ccsv6\tools\compiler\ti-cgt-arm_5.2.5\lib\</path>
         <kind>archive</kind>
         <file>rtsv7M4_T_le_v4SPD16_eabi.lib</file>
         <name>memset_t2.obj</name>
      </input_file>
      <input_file id="fl-13e">
         <path>C:\ti\ccsv6\tools\compiler\ti-cgt-arm_5.2.5\lib\</path>
         <kind>archive</kind>
         <file>rtsv7M4_T_le_v4SPD16_eabi.lib</file>
         <name>pow.obj</name>
      </input_file>
      <input_file id="fl-13f">
         <path>C:\ti\ccsv6\tools\compiler\ti-cgt-arm_5.2.5\lib\</path>
         <kind>archive</kind>
         <file>rtsv7M4_T_le_v4SPD16_eabi.lib</file>
         <name>pre_init.obj</name>
      </input_file>
      <input_file id="fl-140">
         <path>C:\ti\ccsv6\tools\compiler\ti-cgt-arm_5.2.5\lib\</path>
         <kind>archive</kind>
         <file>rtsv7M4_T_le_v4SPD16_eabi.lib</file>
         <name>sin.obj</name>
      </input_file>
      <input_file id="fl-141">
         <path>C:\ti\ccsv6\tools\compiler\ti-cgt-arm_5.2.5\lib\</path>
         <kind>archive</kind>
         <file>rtsv7M4_T_le_v4SPD16_eabi.lib</file>
         <name>sqrt.obj</name>
      </input_file>
      <input_file id="fl-142">
         <path>C:\ti\ccsv6\tools\compiler\ti-cgt-arm_5.2.5\lib\</path>
         <kind>archive</kind>
         <file>rtsv7M4_T_le_v4SPD16_eabi.lib</file>
         <name>stkdepth_vars.obj</name>
      </input_file>
      <input_file id="fl-143">
         <path>C:\ti\ccsv6\tools\compiler\ti-cgt-arm_5.2.5\lib\</path>
         <kind>archive</kind>
         <file>rtsv7M4_T_le_v4SPD16_eabi.lib</file>
         <name>xatan.obj</name>
      </input_file>
      <input_file id="fl-144">
         <path>C:\ti\ccsv6\tools\compiler\ti-cgt-arm_5.2.5\lib\</path>
         <kind>archive</kind>
         <file>rtsv7M4_T_le_v4SPD16_eabi.lib</file>
         <name>xdint.obj</name>
      </input_file>
      <input_file id="fl-145">
         <path>C:\ti\ccsv6\tools\compiler\ti-cgt-arm_5.2.5\lib\</path>
         <kind>archive</kind>
         <file>rtsv7M4_T_le_v4SPD16_eabi.lib</file>
         <name>xdscale.obj</name>
      </input_file>
      <input_file id="fl-146">
         <path>C:\ti\ccsv6\tools\compiler\ti-cgt-arm_5.2.5\lib\</path>
         <kind>archive</kind>
         <file>rtsv7M4_T_le_v4SPD16_eabi.lib</file>
         <name>xdunscal.obj</name>
      </input_file>
      <input_file id="fl-147">
         <path>C:\ti\ccsv6\tools\compiler\ti-cgt-arm_5.2.5\lib\</path>
         <kind>archive</kind>
         <file>rtsv7M4_T_le_v4SPD16_eabi.lib</file>
         <name>xexp.obj</name>
      </input_file>
      <input_file id="fl-148">
         <path>C:\ti\ccsv6\tools\compiler\ti-cgt-arm_5.2.5\lib\</path>
         <kind>archive</kind>
         <file>rtsv7M4_T_le_v4SPD16_eabi.lib</file>
         <name>xferaise.obj</name>
      </input_file>
      <input_file id="fl-149">
         <path>C:\ti\ccsv6\tools\compiler\ti-cgt-arm_5.2.5\lib\</path>
         <kind>archive</kind>
         <file>rtsv7M4_T_le_v4SPD16_eabi.lib</file>
         <name>xsin.obj</name>
      </input_file>
      <input_file id="fl-14a">
         <path>C:\ti\ccsv6\tools\compiler\ti-cgt-arm_5.2.5\lib\</path>
         <kind>archive</kind>
         <file>rtsv7M4_T_le_v4SPD16_eabi.lib</file>
         <name>xvalues.obj</name>
      </input_file>
      <input_file id="fl-14b">
         <path>C:\ti\ccsv6\tools\compiler\ti-cgt-arm_5.2.5\lib\</path>
         <kind>archive</kind>
         <file>rtsv7M4_T_le_v4SPD16_eabi.lib</file>
         <name>_lock.obj</name>
      </input_file>
      <input_file id="fl-14c">
         <path>C:\ti\ccsv6\tools\compiler\ti-cgt-arm_5.2.5\lib\</path>
         <kind>archive</kind>
         <file>rtsv7M4_T_le_v4SPD16_eabi.lib</file>
         <name>args_main.obj</name>
      </input_file>
      <input_file id="fl-14d">
         <path>C:\ti\ccsv6\tools\compiler\ti-cgt-arm_5.2.5\lib\</path>
         <kind>archive</kind>
         <file>rtsv7M4_T_le_v4SPD16_eabi.lib</file>
         <name>autoinit.obj</name>
      </input_file>
      <input_file id="fl-14e">
         <path>C:\ti\ccsv6\tools\compiler\ti-cgt-arm_5.2.5\lib\</path>
         <kind>archive</kind>
         <file>rtsv7M4_T_le_v4SPD16_eabi.lib</file>
         <name>cpy_tbl.obj</name>
      </input_file>
      <input_file id="fl-14f">
         <path>C:\ti\ccsv6\tools\compiler\ti-cgt-arm_5.2.5\lib\</path>
         <kind>archive</kind>
         <file>rtsv7M4_T_le_v4SPD16_eabi.lib</file>
         <name>errno.obj</name>
      </input_file>
      <input_file id="fl-150">
         <path>C:\ti\ccsv6\tools\compiler\ti-cgt-arm_5.2.5\lib\</path>
         <kind>archive</kind>
         <file>rtsv7M4_T_le_v4SPD16_eabi.lib</file>
         <name>feraiseexcept.obj</name>
      </input_file>
      <input_file id="fl-151">
         <path>C:\ti\ccsv6\tools\compiler\ti-cgt-arm_5.2.5\lib\</path>
         <kind>archive</kind>
         <file>rtsv7M4_T_le_v4SPD16_eabi.lib</file>
         <name>fmod.obj</name>
      </input_file>
      <input_file id="fl-152">
         <path>C:\ti\ccsv6\tools\compiler\ti-cgt-arm_5.2.5\lib\</path>
         <kind>archive</kind>
         <file>rtsv7M4_T_le_v4SPD16_eabi.lib</file>
         <name>log.obj</name>
      </input_file>
      <input_file id="fl-153">
         <path>C:\ti\ccsv6\tools\compiler\ti-cgt-arm_5.2.5\lib\</path>
         <kind>archive</kind>
         <file>rtsv7M4_T_le_v4SPD16_eabi.lib</file>
         <name>raise.obj</name>
      </input_file>
      <input_file id="fl-154">
         <path>C:\ti\ccsv6\tools\compiler\ti-cgt-arm_5.2.5\lib\</path>
         <kind>archive</kind>
         <file>rtsv7M4_T_le_v4SPD16_eabi.lib</file>
         <name>signal.obj</name>
      </input_file>
      <input_file id="fl-155">
         <path>C:\ti\ccsv6\tools\compiler\ti-cgt-arm_5.2.5\lib\</path>
         <kind>archive</kind>
         <file>rtsv7M4_T_le_v4SPD16_eabi.lib</file>
         <name>xdnorm.obj</name>
      </input_file>
      <input_file id="fl-156">
         <path>C:\ti\ccsv6\tools\compiler\ti-cgt-arm_5.2.5\lib\</path>
         <kind>archive</kind>
         <file>rtsv7M4_T_le_v4SPD16_eabi.lib</file>
         <name>xlog.obj</name>
      </input_file>
      <input_file id="fl-157">
         <path>C:\ti\ccsv6\tools\compiler\ti-cgt-arm_5.2.5\lib\</path>
         <kind>archive</kind>
         <file>rtsv7M4_T_le_v4SPD16_eabi.lib</file>
         <name>xfvalues.obj</name>
      </input_file>
   </input_file_list>
   <object_component_list>
      <object_component id="oc-f">
         <name>.intvecs</name>
         <load_address>0x0</load_address>
         <run_address>0x0</run_address>
         <size>0x26c</size>
         <input_file_ref idref="fl-3"/>
      </object_component>
      <object_component id="oc-c3">
         <name>.text</name>
         <load_address>0x26c</load_address>
         <run_address>0x26c</run_address>
         <size>0x498</size>
         <input_file_ref idref="fl-13e"/>
      </object_component>
      <object_component id="oc-18c">
         <name>.text</name>
         <load_address>0x704</load_address>
         <run_address>0x704</run_address>
         <size>0x2ec</size>
         <input_file_ref idref="fl-156"/>
      </object_component>
      <object_component id="oc-165">
         <name>.text</name>
         <load_address>0x9f0</load_address>
         <run_address>0x9f0</run_address>
         <size>0x294</size>
         <input_file_ref idref="fl-149"/>
      </object_component>
      <object_component id="oc-144">
         <name>.text</name>
         <load_address>0xc84</load_address>
         <run_address>0xc84</run_address>
         <size>0x1fc</size>
         <input_file_ref idref="fl-147"/>
      </object_component>
      <object_component id="oc-c9">
         <name>.text</name>
         <load_address>0xe80</load_address>
         <run_address>0xe80</run_address>
         <size>0x1b6</size>
         <input_file_ref idref="fl-134"/>
      </object_component>
      <object_component id="oc-158">
         <name>.text</name>
         <load_address>0x1038</load_address>
         <run_address>0x1038</run_address>
         <size>0x18c</size>
         <input_file_ref idref="fl-143"/>
      </object_component>
      <object_component id="oc-1b7">
         <name>.text</name>
         <load_address>0x11c4</load_address>
         <run_address>0x11c4</run_address>
         <size>0x174</size>
         <input_file_ref idref="fl-151"/>
      </object_component>
      <object_component id="oc-ce">
         <name>.text</name>
         <load_address>0x1338</load_address>
         <run_address>0x1338</run_address>
         <size>0x148</size>
         <input_file_ref idref="fl-141"/>
      </object_component>
      <object_component id="oc-13f">
         <name>.text</name>
         <load_address>0x1480</load_address>
         <run_address>0x1480</run_address>
         <size>0x136</size>
         <input_file_ref idref="fl-136"/>
      </object_component>
      <object_component id="oc-9d">
         <name>.text</name>
         <load_address>0x15b8</load_address>
         <run_address>0x15b8</run_address>
         <size>0x12c</size>
         <input_file_ref idref="fl-2"/>
      </object_component>
      <object_component id="oc-150">
         <name>.text</name>
         <load_address>0x16e4</load_address>
         <run_address>0x16e4</run_address>
         <size>0x110</size>
         <input_file_ref idref="fl-145"/>
      </object_component>
      <object_component id="oc-ea">
         <name>.text</name>
         <load_address>0x17f4</load_address>
         <run_address>0x17f4</run_address>
         <size>0xfc</size>
         <input_file_ref idref="fl-137"/>
      </object_component>
      <object_component id="oc-df">
         <name>.text:SysCtlClockSet</name>
         <load_address>0x18f0</load_address>
         <run_address>0x18f0</run_address>
         <size>0xf4</size>
         <input_file_ref idref="fl-9"/>
      </object_component>
      <object_component id="oc-d9">
         <name>.text</name>
         <load_address>0x19e4</load_address>
         <run_address>0x19e4</run_address>
         <size>0xd8</size>
         <input_file_ref idref="fl-12d"/>
      </object_component>
      <object_component id="oc-128">
         <name>.text</name>
         <load_address>0x1abc</load_address>
         <run_address>0x1abc</run_address>
         <size>0xc0</size>
         <input_file_ref idref="fl-144"/>
      </object_component>
      <object_component id="oc-175">
         <name>.text</name>
         <load_address>0x1b7c</load_address>
         <run_address>0x1b7c</run_address>
         <size>0xbe</size>
         <input_file_ref idref="fl-155"/>
      </object_component>
      <object_component id="oc-33">
         <name>.text</name>
         <load_address>0x1c3a</load_address>
         <run_address>0x1c3a</run_address>
         <size>0x9c</size>
         <input_file_ref idref="fl-13c"/>
      </object_component>
      <object_component id="oc-12e">
         <name>.text:__aeabi_cdcmple</name>
         <load_address>0x1cd6</load_address>
         <run_address>0x1cd6</run_address>
         <size>0x86</size>
         <input_file_ref idref="fl-135"/>
      </object_component>
      <object_component id="oc-4c">
         <name>.text</name>
         <load_address>0x1d5c</load_address>
         <run_address>0x1d5c</run_address>
         <size>0x7a</size>
         <input_file_ref idref="fl-13d"/>
      </object_component>
      <object_component id="oc-5e">
         <name>.text</name>
         <load_address>0x1dd8</load_address>
         <run_address>0x1dd8</run_address>
         <size>0x6c</size>
         <input_file_ref idref="fl-14d"/>
      </object_component>
      <object_component id="oc-3f">
         <name>.text</name>
         <load_address>0x1e44</load_address>
         <run_address>0x1e44</run_address>
         <size>0x6a</size>
         <input_file_ref idref="fl-130"/>
      </object_component>
      <object_component id="oc-122">
         <name>.text</name>
         <load_address>0x1eae</load_address>
         <run_address>0x1eae</run_address>
         <size>0x66</size>
         <input_file_ref idref="fl-146"/>
      </object_component>
      <object_component id="oc-24">
         <name>.text</name>
         <load_address>0x1f14</load_address>
         <run_address>0x1f14</run_address>
         <size>0x50</size>
         <input_file_ref idref="fl-12e"/>
      </object_component>
      <object_component id="oc-95">
         <name>.text</name>
         <load_address>0x1f64</load_address>
         <run_address>0x1f64</run_address>
         <size>0x4c</size>
         <input_file_ref idref="fl-14e"/>
      </object_component>
      <object_component id="oc-fb">
         <name>.text</name>
         <load_address>0x1fb0</load_address>
         <run_address>0x1fb0</run_address>
         <size>0x48</size>
         <input_file_ref idref="fl-138"/>
      </object_component>
      <object_component id="oc-d4">
         <name>.text</name>
         <load_address>0x1ff8</load_address>
         <run_address>0x1ff8</run_address>
         <size>0x48</size>
         <input_file_ref idref="fl-139"/>
      </object_component>
      <object_component id="oc-6a">
         <name>.text</name>
         <load_address>0x2040</load_address>
         <run_address>0x2040</run_address>
         <size>0x44</size>
         <input_file_ref idref="fl-133"/>
      </object_component>
      <object_component id="oc-1ed">
         <name>.text</name>
         <load_address>0x2084</load_address>
         <run_address>0x2084</run_address>
         <size>0x40</size>
         <input_file_ref idref="fl-154"/>
      </object_component>
      <object_component id="oc-be">
         <name>.text</name>
         <load_address>0x20c4</load_address>
         <run_address>0x20c4</run_address>
         <size>0x38</size>
         <input_file_ref idref="fl-13a"/>
      </object_component>
      <object_component id="oc-182">
         <name>.text</name>
         <load_address>0x20fc</load_address>
         <run_address>0x20fc</run_address>
         <size>0x34</size>
         <input_file_ref idref="fl-150"/>
      </object_component>
      <object_component id="oc-133">
         <name>.text</name>
         <load_address>0x2130</load_address>
         <run_address>0x2130</run_address>
         <size>0x30</size>
         <input_file_ref idref="fl-148"/>
      </object_component>
      <object_component id="oc-e5">
         <name>.text</name>
         <load_address>0x2160</load_address>
         <run_address>0x2160</run_address>
         <size>0x2e</size>
         <input_file_ref idref="fl-13b"/>
      </object_component>
      <object_component id="oc-1c7">
         <name>.text</name>
         <load_address>0x218e</load_address>
         <run_address>0x218e</run_address>
         <size>0x2e</size>
         <input_file_ref idref="fl-153"/>
      </object_component>
      <object_component id="oc-ef">
         <name>.text</name>
         <load_address>0x21bc</load_address>
         <run_address>0x21bc</run_address>
         <size>0x1a</size>
         <input_file_ref idref="fl-132"/>
      </object_component>
      <object_component id="oc-139">
         <name>.text</name>
         <load_address>0x21d6</load_address>
         <run_address>0x21d6</run_address>
         <size>0x1a</size>
         <input_file_ref idref="fl-152"/>
      </object_component>
      <object_component id="oc-f5">
         <name>.text</name>
         <load_address>0x21f0</load_address>
         <run_address>0x21f0</run_address>
         <size>0x1a</size>
         <input_file_ref idref="fl-140"/>
      </object_component>
      <object_component id="oc-64">
         <name>.text</name>
         <load_address>0x220c</load_address>
         <run_address>0x220c</run_address>
         <size>0x18</size>
         <input_file_ref idref="fl-14c"/>
      </object_component>
      <object_component id="oc-10c">
         <name>.text</name>
         <load_address>0x2224</load_address>
         <run_address>0x2224</run_address>
         <size>0x14</size>
         <input_file_ref idref="fl-14b"/>
      </object_component>
      <object_component id="oc-12">
         <name>.text:decompress:none</name>
         <load_address>0x2238</load_address>
         <run_address>0x2238</run_address>
         <size>0xe</size>
         <input_file_ref idref="fl-12f"/>
      </object_component>
      <object_component id="oc-2a">
         <name>.text</name>
         <load_address>0x2246</load_address>
         <run_address>0x2246</run_address>
         <size>0xc</size>
         <input_file_ref idref="fl-3"/>
      </object_component>
      <object_component id="oc-160">
         <name>.text:SysCtlDelay</name>
         <load_address>0x2252</load_address>
         <run_address>0x2252</run_address>
         <size>0x6</size>
         <input_file_ref idref="fl-9"/>
      </object_component>
      <object_component id="oc-18">
         <name>.text:decompress:rle24</name>
         <load_address>0x2258</load_address>
         <run_address>0x2258</run_address>
         <size>0x6</size>
         <input_file_ref idref="fl-130"/>
      </object_component>
      <object_component id="oc-58">
         <name>.text</name>
         <load_address>0x225e</load_address>
         <run_address>0x225e</run_address>
         <size>0x4</size>
         <input_file_ref idref="fl-13f"/>
      </object_component>
      <object_component id="oc-1a5">
         <name>.const</name>
         <load_address>0x2268</load_address>
         <run_address>0x2268</run_address>
         <size>0x88</size>
         <input_file_ref idref="fl-143"/>
      </object_component>
      <object_component id="oc-1bd">
         <name>.const</name>
         <load_address>0x22f0</load_address>
         <run_address>0x22f0</run_address>
         <size>0x80</size>
         <input_file_ref idref="fl-149"/>
      </object_component>
      <object_component id="oc-194">
         <name>.const</name>
         <load_address>0x2370</load_address>
         <run_address>0x2370</run_address>
         <size>0x48</size>
         <input_file_ref idref="fl-147"/>
      </object_component>
      <object_component id="oc-1d6">
         <name>.const:p</name>
         <load_address>0x23b8</load_address>
         <run_address>0x23b8</run_address>
         <size>0x38</size>
         <input_file_ref idref="fl-156"/>
      </object_component>
      <object_component id="oc-17d">
         <name>.const</name>
         <load_address>0x23f0</load_address>
         <run_address>0x23f0</run_address>
         <size>0x30</size>
         <input_file_ref idref="fl-144"/>
      </object_component>
      <object_component id="oc-23f">
         <name>.cinit..data.load</name>
         <load_address>0x2420</load_address>
         <run_address>0x2420</run_address>
         <size>0x63</size>
      </object_component>
      <object_component id="oc-23d">
         <name>__TI_handler_table</name>
         <load_address>0x2484</load_address>
         <run_address>0x2484</run_address>
         <size>0x8</size>
      </object_component>
      <object_component id="oc-23e">
         <name>__TI_cinit_table</name>
         <load_address>0x248c</load_address>
         <run_address>0x248c</run_address>
         <size>0x8</size>
      </object_component>
      <object_component id="oc-29">
         <name>.stack</name>
         <uninitialized>true</uninitialized>
         <run_address>0x20000000</run_address>
         <size>0x0</size>
         <input_file_ref idref="fl-12e"/>
      </object_component>
      <object_component id="oc-240">
         <name>.stack</name>
         <uninitialized>true</uninitialized>
         <run_address>0x20000000</run_address>
         <size>0x0</size>
      </object_component>
      <object_component id="oc-100">
         <name>.data</name>
         <load_address>0x20000398</load_address>
         <run_address>0x20000398</run_address>
         <size>0x8</size>
         <input_file_ref idref="fl-2"/>
      </object_component>
      <object_component id="oc-a8">
         <name>.data</name>
         <load_address>0x200003a8</load_address>
         <run_address>0x200003a8</run_address>
         <size>0x8</size>
         <input_file_ref idref="fl-133"/>
      </object_component>
      <object_component id="oc-70">
         <name>.data</name>
         <load_address>0x200003bc</load_address>
         <run_address>0x200003bc</run_address>
         <size>0x4</size>
         <input_file_ref idref="fl-142"/>
      </object_component>
      <object_component id="oc-14a">
         <name>.data</name>
         <load_address>0x200002b0</load_address>
         <run_address>0x200002b0</run_address>
         <size>0x80</size>
         <input_file_ref idref="fl-14a"/>
      </object_component>
      <object_component id="oc-a5">
         <name>.data</name>
         <load_address>0x200003a0</load_address>
         <run_address>0x200003a0</run_address>
         <size>0x8</size>
         <input_file_ref idref="fl-14b"/>
      </object_component>
      <object_component id="oc-188">
         <name>.data</name>
         <load_address>0x200003b8</load_address>
         <run_address>0x200003b8</run_address>
         <size>0x4</size>
         <input_file_ref idref="fl-14f"/>
      </object_component>
      <object_component id="oc-1cd">
         <name>.data</name>
         <load_address>0x200003b0</load_address>
         <run_address>0x200003b0</run_address>
         <size>0x8</size>
         <input_file_ref idref="fl-150"/>
      </object_component>
      <object_component id="oc-20a">
         <name>.data:sigtable</name>
         <load_address>0x20000200</load_address>
         <run_address>0x20000200</run_address>
         <size>0xb0</size>
         <input_file_ref idref="fl-154"/>
      </object_component>
      <object_component id="oc-1d3">
         <name>.data</name>
         <load_address>0x20000330</load_address>
         <run_address>0x20000330</run_address>
         <size>0x68</size>
         <input_file_ref idref="fl-157"/>
      </object_component>
      <object_component id="oc-104">
         <name>.debug_info</name>
         <load_address>0x0</load_address>
         <run_address>0x0</run_address>
         <size>0x18c</size>
         <input_file_ref idref="fl-2"/>
      </object_component>
      <object_component id="oc-101">
         <name>.debug_info</name>
         <load_address>0x18c</load_address>
         <run_address>0x18c</run_address>
         <size>0xd0</size>
         <input_file_ref idref="fl-2"/>
      </object_component>
      <object_component id="oc-9e">
         <name>.debug_info</name>
         <load_address>0x25c</load_address>
         <run_address>0x25c</run_address>
         <size>0x2d5</size>
         <input_file_ref idref="fl-2"/>
      </object_component>
      <object_component id="oc-77">
         <name>.debug_info</name>
         <load_address>0x531</load_address>
         <run_address>0x531</run_address>
         <size>0x84</size>
         <input_file_ref idref="fl-2"/>
      </object_component>
      <object_component id="oc-7c">
         <name>.debug_info</name>
         <load_address>0x5b5</load_address>
         <run_address>0x5b5</run_address>
         <size>0x18b</size>
         <input_file_ref idref="fl-2"/>
      </object_component>
      <object_component id="oc-32">
         <name>.debug_info</name>
         <load_address>0x740</load_address>
         <run_address>0x740</run_address>
         <size>0xee</size>
         <input_file_ref idref="fl-3"/>
      </object_component>
      <object_component id="oc-10">
         <name>.debug_info</name>
         <load_address>0x82e</load_address>
         <run_address>0x82e</run_address>
         <size>0xd3</size>
         <input_file_ref idref="fl-3"/>
      </object_component>
      <object_component id="oc-2b">
         <name>.debug_info</name>
         <load_address>0x901</load_address>
         <run_address>0x901</run_address>
         <size>0x24f</size>
         <input_file_ref idref="fl-3"/>
      </object_component>
      <object_component id="oc-162">
         <name>.debug_info</name>
         <load_address>0xb50</load_address>
         <run_address>0xb50</run_address>
         <size>0x298</size>
         <input_file_ref idref="fl-9"/>
      </object_component>
      <object_component id="oc-e0">
         <name>.debug_info</name>
         <load_address>0xde8</load_address>
         <run_address>0xde8</run_address>
         <size>0x2db</size>
         <input_file_ref idref="fl-9"/>
      </object_component>
      <object_component id="oc-1ad">
         <name>.debug_info</name>
         <load_address>0x10c3</load_address>
         <run_address>0x10c3</run_address>
         <size>0x5f</size>
         <input_file_ref idref="fl-9"/>
      </object_component>
      <object_component id="oc-1b2">
         <name>.debug_info</name>
         <load_address>0x1122</load_address>
         <run_address>0x1122</run_address>
         <size>0x8b</size>
         <input_file_ref idref="fl-9"/>
      </object_component>
      <object_component id="oc-15f">
         <name>.debug_info</name>
         <load_address>0x11ad</load_address>
         <run_address>0x11ad</run_address>
         <size>0x115</size>
         <input_file_ref idref="fl-12d"/>
      </object_component>
      <object_component id="oc-da">
         <name>.debug_info</name>
         <load_address>0x12c2</load_address>
         <run_address>0x12c2</run_address>
         <size>0x194</size>
         <input_file_ref idref="fl-12d"/>
      </object_component>
      <object_component id="oc-25">
         <name>.debug_info</name>
         <load_address>0x1456</load_address>
         <run_address>0x1456</run_address>
         <size>0x134</size>
         <input_file_ref idref="fl-12e"/>
      </object_component>
      <object_component id="oc-3e">
         <name>.debug_info</name>
         <load_address>0x158a</load_address>
         <run_address>0x158a</run_address>
         <size>0x121</size>
         <input_file_ref idref="fl-12f"/>
      </object_component>
      <object_component id="oc-14">
         <name>.debug_info</name>
         <load_address>0x16ab</load_address>
         <run_address>0x16ab</run_address>
         <size>0x1c0</size>
         <input_file_ref idref="fl-12f"/>
      </object_component>
      <object_component id="oc-39">
         <name>.debug_info</name>
         <load_address>0x186b</load_address>
         <run_address>0x186b</run_address>
         <size>0x46</size>
         <input_file_ref idref="fl-12f"/>
      </object_component>
      <object_component id="oc-82">
         <name>.debug_info</name>
         <load_address>0x18b1</load_address>
         <run_address>0x18b1</run_address>
         <size>0x2c</size>
         <input_file_ref idref="fl-12f"/>
      </object_component>
      <object_component id="oc-46">
         <name>.debug_info</name>
         <load_address>0x18dd</load_address>
         <run_address>0x18dd</run_address>
         <size>0x115</size>
         <input_file_ref idref="fl-130"/>
      </object_component>
      <object_component id="oc-40">
         <name>.debug_info</name>
         <load_address>0x19f2</load_address>
         <run_address>0x19f2</run_address>
         <size>0x228</size>
         <input_file_ref idref="fl-130"/>
      </object_component>
      <object_component id="oc-19">
         <name>.debug_info</name>
         <load_address>0x1c1a</load_address>
         <run_address>0x1c1a</run_address>
         <size>0x192</size>
         <input_file_ref idref="fl-130"/>
      </object_component>
      <object_component id="oc-47">
         <name>.debug_info</name>
         <load_address>0x1dac</load_address>
         <run_address>0x1dac</run_address>
         <size>0x39</size>
         <input_file_ref idref="fl-130"/>
      </object_component>
      <object_component id="oc-8c">
         <name>.debug_info</name>
         <load_address>0x1de5</load_address>
         <run_address>0x1de5</run_address>
         <size>0x2c</size>
         <input_file_ref idref="fl-130"/>
      </object_component>
      <object_component id="oc-f0">
         <name>.debug_info</name>
         <load_address>0x1e11</load_address>
         <run_address>0x1e11</run_address>
         <size>0x11b</size>
         <input_file_ref idref="fl-132"/>
      </object_component>
      <object_component id="oc-ac">
         <name>.debug_info</name>
         <load_address>0x1f2c</load_address>
         <run_address>0x1f2c</run_address>
         <size>0x172</size>
         <input_file_ref idref="fl-133"/>
      </object_component>
      <object_component id="oc-a9">
         <name>.debug_info</name>
         <load_address>0x209e</load_address>
         <run_address>0x209e</run_address>
         <size>0x117</size>
         <input_file_ref idref="fl-133"/>
      </object_component>
      <object_component id="oc-6b">
         <name>.debug_info</name>
         <load_address>0x21b5</load_address>
         <run_address>0x21b5</run_address>
         <size>0x1ee</size>
         <input_file_ref idref="fl-133"/>
      </object_component>
      <object_component id="oc-cb">
         <name>.debug_info</name>
         <load_address>0x23a3</load_address>
         <run_address>0x23a3</run_address>
         <size>0x129</size>
         <input_file_ref idref="fl-134"/>
      </object_component>
      <object_component id="oc-12f">
         <name>.debug_info</name>
         <load_address>0x24cc</load_address>
         <run_address>0x24cc</run_address>
         <size>0x105</size>
         <input_file_ref idref="fl-135"/>
      </object_component>
      <object_component id="oc-140">
         <name>.debug_info</name>
         <load_address>0x25d1</load_address>
         <run_address>0x25d1</run_address>
         <size>0x117</size>
         <input_file_ref idref="fl-136"/>
      </object_component>
      <object_component id="oc-eb">
         <name>.debug_info</name>
         <load_address>0x26e8</load_address>
         <run_address>0x26e8</run_address>
         <size>0x117</size>
         <input_file_ref idref="fl-137"/>
      </object_component>
      <object_component id="oc-fc">
         <name>.debug_info</name>
         <load_address>0x27ff</load_address>
         <run_address>0x27ff</run_address>
         <size>0x10b</size>
         <input_file_ref idref="fl-138"/>
      </object_component>
      <object_component id="oc-d5">
         <name>.debug_info</name>
         <load_address>0x290a</load_address>
         <run_address>0x290a</run_address>
         <size>0x112</size>
         <input_file_ref idref="fl-139"/>
      </object_component>
      <object_component id="oc-bf">
         <name>.debug_info</name>
         <load_address>0x2a1c</load_address>
         <run_address>0x2a1c</run_address>
         <size>0x109</size>
         <input_file_ref idref="fl-13a"/>
      </object_component>
      <object_component id="oc-e6">
         <name>.debug_info</name>
         <load_address>0x2b25</load_address>
         <run_address>0x2b25</run_address>
         <size>0x109</size>
         <input_file_ref idref="fl-13b"/>
      </object_component>
      <object_component id="oc-34">
         <name>.debug_info</name>
         <load_address>0x2c2e</load_address>
         <run_address>0x2c2e</run_address>
         <size>0xf6</size>
         <input_file_ref idref="fl-13c"/>
      </object_component>
      <object_component id="oc-4d">
         <name>.debug_info</name>
         <load_address>0x2d24</load_address>
         <run_address>0x2d24</run_address>
         <size>0x124</size>
         <input_file_ref idref="fl-13d"/>
      </object_component>
      <object_component id="oc-14e">
         <name>.debug_info</name>
         <load_address>0x2e48</load_address>
         <run_address>0x2e48</run_address>
         <size>0x1d3</size>
         <input_file_ref idref="fl-13e"/>
      </object_component>
      <object_component id="oc-c4">
         <name>.debug_info</name>
         <load_address>0x301b</load_address>
         <run_address>0x301b</run_address>
         <size>0x563</size>
         <input_file_ref idref="fl-13e"/>
      </object_component>
      <object_component id="oc-19c">
         <name>.debug_info</name>
         <load_address>0x357e</load_address>
         <run_address>0x357e</run_address>
         <size>0x86</size>
         <input_file_ref idref="fl-13e"/>
      </object_component>
      <object_component id="oc-59">
         <name>.debug_info</name>
         <load_address>0x3604</load_address>
         <run_address>0x3604</run_address>
         <size>0x129</size>
         <input_file_ref idref="fl-13f"/>
      </object_component>
      <object_component id="oc-f6">
         <name>.debug_info</name>
         <load_address>0x372d</load_address>
         <run_address>0x372d</run_address>
         <size>0x11b</size>
         <input_file_ref idref="fl-140"/>
      </object_component>
      <object_component id="oc-cf">
         <name>.debug_info</name>
         <load_address>0x3848</load_address>
         <run_address>0x3848</run_address>
         <size>0x263</size>
         <input_file_ref idref="fl-141"/>
      </object_component>
      <object_component id="oc-71">
         <name>.debug_info</name>
         <load_address>0x3aab</load_address>
         <run_address>0x3aab</run_address>
         <size>0xea</size>
         <input_file_ref idref="fl-142"/>
      </object_component>
      <object_component id="oc-1e3">
         <name>.debug_info</name>
         <load_address>0x3b95</load_address>
         <run_address>0x3b95</run_address>
         <size>0x146</size>
         <input_file_ref idref="fl-143"/>
      </object_component>
      <object_component id="oc-1a6">
         <name>.debug_info</name>
         <load_address>0x3cdb</load_address>
         <run_address>0x3cdb</run_address>
         <size>0x11e</size>
         <input_file_ref idref="fl-143"/>
      </object_component>
      <object_component id="oc-159">
         <name>.debug_info</name>
         <load_address>0x3df9</load_address>
         <run_address>0x3df9</run_address>
         <size>0x32c</size>
         <input_file_ref idref="fl-143"/>
      </object_component>
      <object_component id="oc-17f">
         <name>.debug_info</name>
         <load_address>0x4125</load_address>
         <run_address>0x4125</run_address>
         <size>0x13b</size>
         <input_file_ref idref="fl-144"/>
      </object_component>
      <object_component id="oc-12b">
         <name>.debug_info</name>
         <load_address>0x4260</load_address>
         <run_address>0x4260</run_address>
         <size>0x1a2</size>
         <input_file_ref idref="fl-144"/>
      </object_component>
      <object_component id="oc-1a4">
         <name>.debug_info</name>
         <load_address>0x4402</load_address>
         <run_address>0x4402</run_address>
         <size>0x111</size>
         <input_file_ref idref="fl-145"/>
      </object_component>
      <object_component id="oc-151">
         <name>.debug_info</name>
         <load_address>0x4513</load_address>
         <run_address>0x4513</run_address>
         <size>0x192</size>
         <input_file_ref idref="fl-145"/>
      </object_component>
      <object_component id="oc-17c">
         <name>.debug_info</name>
         <load_address>0x46a5</load_address>
         <run_address>0x46a5</run_address>
         <size>0xfb</size>
         <input_file_ref idref="fl-146"/>
      </object_component>
      <object_component id="oc-124">
         <name>.debug_info</name>
         <load_address>0x47a0</load_address>
         <run_address>0x47a0</run_address>
         <size>0x173</size>
         <input_file_ref idref="fl-146"/>
      </object_component>
      <object_component id="oc-198">
         <name>.debug_info</name>
         <load_address>0x4913</load_address>
         <run_address>0x4913</run_address>
         <size>0x173</size>
         <input_file_ref idref="fl-147"/>
      </object_component>
      <object_component id="oc-195">
         <name>.debug_info</name>
         <load_address>0x4a86</load_address>
         <run_address>0x4a86</run_address>
         <size>0x13d</size>
         <input_file_ref idref="fl-147"/>
      </object_component>
      <object_component id="oc-145">
         <name>.debug_info</name>
         <load_address>0x4bc3</load_address>
         <run_address>0x4bc3</run_address>
         <size>0x3c6</size>
         <input_file_ref idref="fl-147"/>
      </object_component>
      <object_component id="oc-137">
         <name>.debug_info</name>
         <load_address>0x4f89</load_address>
         <run_address>0x4f89</run_address>
         <size>0x153</size>
         <input_file_ref idref="fl-148"/>
      </object_component>
      <object_component id="oc-1e9">
         <name>.debug_info</name>
         <load_address>0x50dc</load_address>
         <run_address>0x50dc</run_address>
         <size>0x1a8</size>
         <input_file_ref idref="fl-149"/>
      </object_component>
      <object_component id="oc-1be">
         <name>.debug_info</name>
         <load_address>0x5284</load_address>
         <run_address>0x5284</run_address>
         <size>0x13d</size>
         <input_file_ref idref="fl-149"/>
      </object_component>
      <object_component id="oc-166">
         <name>.debug_info</name>
         <load_address>0x53c1</load_address>
         <run_address>0x53c1</run_address>
         <size>0x486</size>
         <input_file_ref idref="fl-149"/>
      </object_component>
      <object_component id="oc-14b">
         <name>.debug_info</name>
         <load_address>0x5847</load_address>
         <run_address>0x5847</run_address>
         <size>0x1b5</size>
         <input_file_ref idref="fl-14a"/>
      </object_component>
      <object_component id="oc-114">
         <name>.debug_info</name>
         <load_address>0x59fc</load_address>
         <run_address>0x59fc</run_address>
         <size>0x105</size>
         <input_file_ref idref="fl-14b"/>
      </object_component>
      <object_component id="oc-a6">
         <name>.debug_info</name>
         <load_address>0x5b01</load_address>
         <run_address>0x5b01</run_address>
         <size>0xf4</size>
         <input_file_ref idref="fl-14b"/>
      </object_component>
      <object_component id="oc-10f">
         <name>.debug_info</name>
         <load_address>0x5bf5</load_address>
         <run_address>0x5bf5</run_address>
         <size>0x200</size>
         <input_file_ref idref="fl-14b"/>
      </object_component>
      <object_component id="oc-a4">
         <name>.debug_info</name>
         <load_address>0x5df5</load_address>
         <run_address>0x5df5</run_address>
         <size>0x147</size>
         <input_file_ref idref="fl-14c"/>
      </object_component>
      <object_component id="oc-65">
         <name>.debug_info</name>
         <load_address>0x5f3c</load_address>
         <run_address>0x5f3c</run_address>
         <size>0x148</size>
         <input_file_ref idref="fl-14c"/>
      </object_component>
      <object_component id="oc-107">
         <name>.debug_info</name>
         <load_address>0x6084</load_address>
         <run_address>0x6084</run_address>
         <size>0x5e</size>
         <input_file_ref idref="fl-14c"/>
      </object_component>
      <object_component id="oc-9c">
         <name>.debug_info</name>
         <load_address>0x60e2</load_address>
         <run_address>0x60e2</run_address>
         <size>0x29e</size>
         <input_file_ref idref="fl-14d"/>
      </object_component>
      <object_component id="oc-5f">
         <name>.debug_info</name>
         <load_address>0x6380</load_address>
         <run_address>0x6380</run_address>
         <size>0x158</size>
         <input_file_ref idref="fl-14d"/>
      </object_component>
      <object_component id="oc-b4">
         <name>.debug_info</name>
         <load_address>0x64d8</load_address>
         <run_address>0x64d8</run_address>
         <size>0x39</size>
         <input_file_ref idref="fl-14d"/>
      </object_component>
      <object_component id="oc-b9">
         <name>.debug_info</name>
         <load_address>0x6511</load_address>
         <run_address>0x6511</run_address>
         <size>0xcd</size>
         <input_file_ref idref="fl-14d"/>
      </object_component>
      <object_component id="oc-b1">
         <name>.debug_info</name>
         <load_address>0x65de</load_address>
         <run_address>0x65de</run_address>
         <size>0x1c1</size>
         <input_file_ref idref="fl-14e"/>
      </object_component>
      <object_component id="oc-96">
         <name>.debug_info</name>
         <load_address>0x679f</load_address>
         <run_address>0x679f</run_address>
         <size>0x164</size>
         <input_file_ref idref="fl-14e"/>
      </object_component>
      <object_component id="oc-11c">
         <name>.debug_info</name>
         <load_address>0x6903</load_address>
         <run_address>0x6903</run_address>
         <size>0x2c</size>
         <input_file_ref idref="fl-14e"/>
      </object_component>
      <object_component id="oc-189">
         <name>.debug_info</name>
         <load_address>0x692f</load_address>
         <run_address>0x692f</run_address>
         <size>0xd6</size>
         <input_file_ref idref="fl-14f"/>
      </object_component>
      <object_component id="oc-1fc">
         <name>.debug_info</name>
         <load_address>0x6a05</load_address>
         <run_address>0x6a05</run_address>
         <size>0x13e</size>
         <input_file_ref idref="fl-150"/>
      </object_component>
      <object_component id="oc-1ce">
         <name>.debug_info</name>
         <load_address>0x6b43</load_address>
         <run_address>0x6b43</run_address>
         <size>0x10e</size>
         <input_file_ref idref="fl-150"/>
      </object_component>
      <object_component id="oc-183">
         <name>.debug_info</name>
         <load_address>0x6c51</load_address>
         <run_address>0x6c51</run_address>
         <size>0x16f</size>
         <input_file_ref idref="fl-150"/>
      </object_component>
      <object_component id="oc-1f7">
         <name>.debug_info</name>
         <load_address>0x6dc0</load_address>
         <run_address>0x6dc0</run_address>
         <size>0x6f</size>
         <input_file_ref idref="fl-150"/>
      </object_component>
      <object_component id="oc-1e6">
         <name>.debug_info</name>
         <load_address>0x6e2f</load_address>
         <run_address>0x6e2f</run_address>
         <size>0x18b</size>
         <input_file_ref idref="fl-151"/>
      </object_component>
      <object_component id="oc-1b8">
         <name>.debug_info</name>
         <load_address>0x6fba</load_address>
         <run_address>0x6fba</run_address>
         <size>0x29c</size>
         <input_file_ref idref="fl-151"/>
      </object_component>
      <object_component id="oc-13b">
         <name>.debug_info</name>
         <load_address>0x7256</load_address>
         <run_address>0x7256</run_address>
         <size>0x11b</size>
         <input_file_ref idref="fl-152"/>
      </object_component>
      <object_component id="oc-1f4">
         <name>.debug_info</name>
         <load_address>0x7371</load_address>
         <run_address>0x7371</run_address>
         <size>0xfd</size>
         <input_file_ref idref="fl-153"/>
      </object_component>
      <object_component id="oc-1c8">
         <name>.debug_info</name>
         <load_address>0x746e</load_address>
         <run_address>0x746e</run_address>
         <size>0x154</size>
         <input_file_ref idref="fl-153"/>
      </object_component>
      <object_component id="oc-211">
         <name>.debug_info</name>
         <load_address>0x75c2</load_address>
         <run_address>0x75c2</run_address>
         <size>0x2c</size>
         <input_file_ref idref="fl-153"/>
      </object_component>
      <object_component id="oc-20e">
         <name>.debug_info</name>
         <load_address>0x75ee</load_address>
         <run_address>0x75ee</run_address>
         <size>0x11d</size>
         <input_file_ref idref="fl-154"/>
      </object_component>
      <object_component id="oc-20b">
         <name>.debug_info</name>
         <load_address>0x770b</load_address>
         <run_address>0x770b</run_address>
         <size>0xdb</size>
         <input_file_ref idref="fl-154"/>
      </object_component>
      <object_component id="oc-1ee">
         <name>.debug_info</name>
         <load_address>0x77e6</load_address>
         <run_address>0x77e6</run_address>
         <size>0x16a</size>
         <input_file_ref idref="fl-154"/>
      </object_component>
      <object_component id="oc-1c2">
         <name>.debug_info</name>
         <load_address>0x7950</load_address>
         <run_address>0x7950</run_address>
         <size>0xc6</size>
         <input_file_ref idref="fl-155"/>
      </object_component>
      <object_component id="oc-176">
         <name>.debug_info</name>
         <load_address>0x7a16</load_address>
         <run_address>0x7a16</run_address>
         <size>0x14d</size>
         <input_file_ref idref="fl-155"/>
      </object_component>
      <object_component id="oc-1da">
         <name>.debug_info</name>
         <load_address>0x7b63</load_address>
         <run_address>0x7b63</run_address>
         <size>0x164</size>
         <input_file_ref idref="fl-156"/>
      </object_component>
      <object_component id="oc-1d7">
         <name>.debug_info</name>
         <load_address>0x7cc7</load_address>
         <run_address>0x7cc7</run_address>
         <size>0xcb</size>
         <input_file_ref idref="fl-156"/>
      </object_component>
      <object_component id="oc-18d">
         <name>.debug_info</name>
         <load_address>0x7d92</load_address>
         <run_address>0x7d92</run_address>
         <size>0x4d1</size>
         <input_file_ref idref="fl-156"/>
      </object_component>
      <object_component id="oc-1d4">
         <name>.debug_info</name>
         <load_address>0x8263</load_address>
         <run_address>0x8263</run_address>
         <size>0x1a5</size>
         <input_file_ref idref="fl-157"/>
      </object_component>
      <object_component id="oc-241">
         <name>.debug_info</name>
         <load_address>0x8408</load_address>
         <run_address>0x8408</run_address>
         <size>0x8d</size>
      </object_component>
      <object_component id="oc-171">
         <name>.debug_line</name>
         <load_address>0x0</load_address>
         <run_address>0x0</run_address>
         <size>0x96</size>
         <input_file_ref idref="fl-2"/>
      </object_component>
      <object_component id="oc-16f">
         <name>.debug_line</name>
         <load_address>0x96</load_address>
         <run_address>0x96</run_address>
         <size>0x2d</size>
         <input_file_ref idref="fl-2"/>
      </object_component>
      <object_component id="oc-a1">
         <name>.debug_line</name>
         <load_address>0xc3</load_address>
         <run_address>0xc3</run_address>
         <size>0x7a</size>
         <input_file_ref idref="fl-2"/>
      </object_component>
      <object_component id="oc-7a">
         <name>.debug_line</name>
         <load_address>0x13d</load_address>
         <run_address>0x13d</run_address>
         <size>0x20</size>
         <input_file_ref idref="fl-2"/>
      </object_component>
      <object_component id="oc-7f">
         <name>.debug_line</name>
         <load_address>0x15d</load_address>
         <run_address>0x15d</run_address>
         <size>0x60</size>
         <input_file_ref idref="fl-2"/>
      </object_component>
      <object_component id="oc-76">
         <name>.debug_line</name>
         <load_address>0x1bd</load_address>
         <run_address>0x1bd</run_address>
         <size>0x41</size>
         <input_file_ref idref="fl-3"/>
      </object_component>
      <object_component id="oc-31">
         <name>.debug_line</name>
         <load_address>0x1fe</load_address>
         <run_address>0x1fe</run_address>
         <size>0x41</size>
         <input_file_ref idref="fl-3"/>
      </object_component>
      <object_component id="oc-2e">
         <name>.debug_line</name>
         <load_address>0x23f</load_address>
         <run_address>0x23f</run_address>
         <size>0xa1</size>
         <input_file_ref idref="fl-3"/>
      </object_component>
      <object_component id="oc-1ac">
         <name>.debug_line</name>
         <load_address>0x2e0</load_address>
         <run_address>0x2e0</run_address>
         <size>0x13d</size>
         <input_file_ref idref="fl-9"/>
      </object_component>
      <object_component id="oc-e3">
         <name>.debug_line</name>
         <load_address>0x41d</load_address>
         <run_address>0x41d</run_address>
         <size>0xee</size>
         <input_file_ref idref="fl-9"/>
      </object_component>
      <object_component id="oc-1b0">
         <name>.debug_line</name>
         <load_address>0x50b</load_address>
         <run_address>0x50b</run_address>
         <size>0x7f</size>
         <input_file_ref idref="fl-9"/>
      </object_component>
      <object_component id="oc-1b5">
         <name>.debug_line</name>
         <load_address>0x58a</load_address>
         <run_address>0x58a</run_address>
         <size>0x20</size>
         <input_file_ref idref="fl-9"/>
      </object_component>
      <object_component id="oc-1aa">
         <name>.debug_line</name>
         <load_address>0x5aa</load_address>
         <run_address>0x5aa</run_address>
         <size>0x7f</size>
         <input_file_ref idref="fl-12d"/>
      </object_component>
      <object_component id="oc-de">
         <name>.debug_line</name>
         <load_address>0x629</load_address>
         <run_address>0x629</run_address>
         <size>0xd1</size>
         <input_file_ref idref="fl-12d"/>
      </object_component>
      <object_component id="oc-28">
         <name>.debug_line</name>
         <load_address>0x6fa</load_address>
         <run_address>0x6fa</run_address>
         <size>0x52</size>
         <input_file_ref idref="fl-12e"/>
      </object_component>
      <object_component id="oc-88">
         <name>.debug_line</name>
         <load_address>0x74c</load_address>
         <run_address>0x74c</run_address>
         <size>0x80</size>
         <input_file_ref idref="fl-12f"/>
      </object_component>
      <object_component id="oc-17">
         <name>.debug_line</name>
         <load_address>0x7cc</load_address>
         <run_address>0x7cc</run_address>
         <size>0x55</size>
         <input_file_ref idref="fl-12f"/>
      </object_component>
      <object_component id="oc-3c">
         <name>.debug_line</name>
         <load_address>0x821</load_address>
         <run_address>0x821</run_address>
         <size>0x3a</size>
         <input_file_ref idref="fl-12f"/>
      </object_component>
      <object_component id="oc-85">
         <name>.debug_line</name>
         <load_address>0x85b</load_address>
         <run_address>0x85b</run_address>
         <size>0x80</size>
         <input_file_ref idref="fl-12f"/>
      </object_component>
      <object_component id="oc-8b">
         <name>.debug_line</name>
         <load_address>0x8db</load_address>
         <run_address>0x8db</run_address>
         <size>0x80</size>
         <input_file_ref idref="fl-130"/>
      </object_component>
      <object_component id="oc-43">
         <name>.debug_line</name>
         <load_address>0x95b</load_address>
         <run_address>0x95b</run_address>
         <size>0x98</size>
         <input_file_ref idref="fl-130"/>
      </object_component>
      <object_component id="oc-1c">
         <name>.debug_line</name>
         <load_address>0x9f3</load_address>
         <run_address>0x9f3</run_address>
         <size>0x4b</size>
         <input_file_ref idref="fl-130"/>
      </object_component>
      <object_component id="oc-4a">
         <name>.debug_line</name>
         <load_address>0xa3e</load_address>
         <run_address>0xa3e</run_address>
         <size>0x39</size>
         <input_file_ref idref="fl-130"/>
      </object_component>
      <object_component id="oc-8f">
         <name>.debug_line</name>
         <load_address>0xa77</load_address>
         <run_address>0xa77</run_address>
         <size>0x80</size>
         <input_file_ref idref="fl-130"/>
      </object_component>
      <object_component id="oc-f3">
         <name>.debug_line</name>
         <load_address>0xaf7</load_address>
         <run_address>0xaf7</run_address>
         <size>0x3b</size>
         <input_file_ref idref="fl-132"/>
      </object_component>
      <object_component id="oc-119">
         <name>.debug_line</name>
         <load_address>0xb32</load_address>
         <run_address>0xb32</run_address>
         <size>0x7f</size>
         <input_file_ref idref="fl-133"/>
      </object_component>
      <object_component id="oc-117">
         <name>.debug_line</name>
         <load_address>0xbb1</load_address>
         <run_address>0xbb1</run_address>
         <size>0x2a</size>
         <input_file_ref idref="fl-133"/>
      </object_component>
      <object_component id="oc-6e">
         <name>.debug_line</name>
         <load_address>0xbdb</load_address>
         <run_address>0xbdb</run_address>
         <size>0x7a</size>
         <input_file_ref idref="fl-133"/>
      </object_component>
      <object_component id="oc-ca">
         <name>.debug_line</name>
         <load_address>0xc55</load_address>
         <run_address>0xc55</run_address>
         <size>0xd2</size>
         <input_file_ref idref="fl-134"/>
      </object_component>
      <object_component id="oc-132">
         <name>.debug_line</name>
         <load_address>0xd27</load_address>
         <run_address>0xd27</run_address>
         <size>0x77</size>
         <input_file_ref idref="fl-135"/>
      </object_component>
      <object_component id="oc-143">
         <name>.debug_line</name>
         <load_address>0xd9e</load_address>
         <run_address>0xd9e</run_address>
         <size>0xa8</size>
         <input_file_ref idref="fl-136"/>
      </object_component>
      <object_component id="oc-ee">
         <name>.debug_line</name>
         <load_address>0xe46</load_address>
         <run_address>0xe46</run_address>
         <size>0x8e</size>
         <input_file_ref idref="fl-137"/>
      </object_component>
      <object_component id="oc-ff">
         <name>.debug_line</name>
         <load_address>0xed4</load_address>
         <run_address>0xed4</run_address>
         <size>0x5a</size>
         <input_file_ref idref="fl-138"/>
      </object_component>
      <object_component id="oc-d8">
         <name>.debug_line</name>
         <load_address>0xf2e</load_address>
         <run_address>0xf2e</run_address>
         <size>0x57</size>
         <input_file_ref idref="fl-139"/>
      </object_component>
      <object_component id="oc-c2">
         <name>.debug_line</name>
         <load_address>0xf85</load_address>
         <run_address>0xf85</run_address>
         <size>0x56</size>
         <input_file_ref idref="fl-13a"/>
      </object_component>
      <object_component id="oc-e9">
         <name>.debug_line</name>
         <load_address>0xfdb</load_address>
         <run_address>0xfdb</run_address>
         <size>0x50</size>
         <input_file_ref idref="fl-13b"/>
      </object_component>
      <object_component id="oc-37">
         <name>.debug_line</name>
         <load_address>0x102b</load_address>
         <run_address>0x102b</run_address>
         <size>0x88</size>
         <input_file_ref idref="fl-13c"/>
      </object_component>
      <object_component id="oc-50">
         <name>.debug_line</name>
         <load_address>0x10b3</load_address>
         <run_address>0x10b3</run_address>
         <size>0x79</size>
         <input_file_ref idref="fl-13d"/>
      </object_component>
      <object_component id="oc-1a2">
         <name>.debug_line</name>
         <load_address>0x112c</load_address>
         <run_address>0x112c</run_address>
         <size>0x13c</size>
         <input_file_ref idref="fl-13e"/>
      </object_component>
      <object_component id="oc-c7">
         <name>.debug_line</name>
         <load_address>0x1268</load_address>
         <run_address>0x1268</run_address>
         <size>0x18c</size>
         <input_file_ref idref="fl-13e"/>
      </object_component>
      <object_component id="oc-19f">
         <name>.debug_line</name>
         <load_address>0x13f4</load_address>
         <run_address>0x13f4</run_address>
         <size>0x7f</size>
         <input_file_ref idref="fl-13e"/>
      </object_component>
      <object_component id="oc-5c">
         <name>.debug_line</name>
         <load_address>0x1473</load_address>
         <run_address>0x1473</run_address>
         <size>0x40</size>
         <input_file_ref idref="fl-13f"/>
      </object_component>
      <object_component id="oc-f9">
         <name>.debug_line</name>
         <load_address>0x14b3</load_address>
         <run_address>0x14b3</run_address>
         <size>0x3b</size>
         <input_file_ref idref="fl-140"/>
      </object_component>
      <object_component id="oc-d2">
         <name>.debug_line</name>
         <load_address>0x14ee</load_address>
         <run_address>0x14ee</run_address>
         <size>0x6a</size>
         <input_file_ref idref="fl-141"/>
      </object_component>
      <object_component id="oc-af">
         <name>.debug_line</name>
         <load_address>0x1558</load_address>
         <run_address>0x1558</run_address>
         <size>0x33</size>
         <input_file_ref idref="fl-142"/>
      </object_component>
      <object_component id="oc-205">
         <name>.debug_line</name>
         <load_address>0x158b</load_address>
         <run_address>0x158b</run_address>
         <size>0x7f</size>
         <input_file_ref idref="fl-143"/>
      </object_component>
      <object_component id="oc-1e2">
         <name>.debug_line</name>
         <load_address>0x160a</load_address>
         <run_address>0x160a</run_address>
         <size>0x2d</size>
         <input_file_ref idref="fl-143"/>
      </object_component>
      <object_component id="oc-15c">
         <name>.debug_line</name>
         <load_address>0x1637</load_address>
         <run_address>0x1637</run_address>
         <size>0x6e</size>
         <input_file_ref idref="fl-143"/>
      </object_component>
      <object_component id="oc-1c6">
         <name>.debug_line</name>
         <load_address>0x16a5</load_address>
         <run_address>0x16a5</run_address>
         <size>0x20</size>
         <input_file_ref idref="fl-144"/>
      </object_component>
      <object_component id="oc-12a">
         <name>.debug_line</name>
         <load_address>0x16c5</load_address>
         <run_address>0x16c5</run_address>
         <size>0x79</size>
         <input_file_ref idref="fl-144"/>
      </object_component>
      <object_component id="oc-1e0">
         <name>.debug_line</name>
         <load_address>0x173e</load_address>
         <run_address>0x173e</run_address>
         <size>0x8a</size>
         <input_file_ref idref="fl-145"/>
      </object_component>
      <object_component id="oc-155">
         <name>.debug_line</name>
         <load_address>0x17c8</load_address>
         <run_address>0x17c8</run_address>
         <size>0xc6</size>
         <input_file_ref idref="fl-145"/>
      </object_component>
      <object_component id="oc-1c4">
         <name>.debug_line</name>
         <load_address>0x188e</load_address>
         <run_address>0x188e</run_address>
         <size>0x2b</size>
         <input_file_ref idref="fl-146"/>
      </object_component>
      <object_component id="oc-123">
         <name>.debug_line</name>
         <load_address>0x18b9</load_address>
         <run_address>0x18b9</run_address>
         <size>0x55</size>
         <input_file_ref idref="fl-146"/>
      </object_component>
      <object_component id="oc-1de">
         <name>.debug_line</name>
         <load_address>0x190e</load_address>
         <run_address>0x190e</run_address>
         <size>0x8a</size>
         <input_file_ref idref="fl-147"/>
      </object_component>
      <object_component id="oc-1dc">
         <name>.debug_line</name>
         <load_address>0x1998</load_address>
         <run_address>0x1998</run_address>
         <size>0x2c</size>
         <input_file_ref idref="fl-147"/>
      </object_component>
      <object_component id="oc-148">
         <name>.debug_line</name>
         <load_address>0x19c4</load_address>
         <run_address>0x19c4</run_address>
         <size>0x82</size>
         <input_file_ref idref="fl-147"/>
      </object_component>
      <object_component id="oc-134">
         <name>.debug_line</name>
         <load_address>0x1a46</load_address>
         <run_address>0x1a46</run_address>
         <size>0x4e</size>
         <input_file_ref idref="fl-148"/>
      </object_component>
      <object_component id="oc-209">
         <name>.debug_line</name>
         <load_address>0x1a94</load_address>
         <run_address>0x1a94</run_address>
         <size>0xe8</size>
         <input_file_ref idref="fl-149"/>
      </object_component>
      <object_component id="oc-1e8">
         <name>.debug_line</name>
         <load_address>0x1b7c</load_address>
         <run_address>0x1b7c</run_address>
         <size>0x2c</size>
         <input_file_ref idref="fl-149"/>
      </object_component>
      <object_component id="oc-169">
         <name>.debug_line</name>
         <load_address>0x1ba8</load_address>
         <run_address>0x1ba8</run_address>
         <size>0x119</size>
         <input_file_ref idref="fl-149"/>
      </object_component>
      <object_component id="oc-19b">
         <name>.debug_line</name>
         <load_address>0x1cc1</load_address>
         <run_address>0x1cc1</run_address>
         <size>0x2d</size>
         <input_file_ref idref="fl-14a"/>
      </object_component>
      <object_component id="oc-174">
         <name>.debug_line</name>
         <load_address>0x1cee</load_address>
         <run_address>0x1cee</run_address>
         <size>0x20</size>
         <input_file_ref idref="fl-14b"/>
      </object_component>
      <object_component id="oc-113">
         <name>.debug_line</name>
         <load_address>0x1d0e</load_address>
         <run_address>0x1d0e</run_address>
         <size>0x2b</size>
         <input_file_ref idref="fl-14b"/>
      </object_component>
      <object_component id="oc-10e">
         <name>.debug_line</name>
         <load_address>0x1d39</load_address>
         <run_address>0x1d39</run_address>
         <size>0x68</size>
         <input_file_ref idref="fl-14b"/>
      </object_component>
      <object_component id="oc-106">
         <name>.debug_line</name>
         <load_address>0x1da1</load_address>
         <run_address>0x1da1</run_address>
         <size>0x2b</size>
         <input_file_ref idref="fl-14c"/>
      </object_component>
      <object_component id="oc-68">
         <name>.debug_line</name>
         <load_address>0x1dcc</load_address>
         <run_address>0x1dcc</run_address>
         <size>0x50</size>
         <input_file_ref idref="fl-14c"/>
      </object_component>
      <object_component id="oc-10a">
         <name>.debug_line</name>
         <load_address>0x1e1c</load_address>
         <run_address>0x1e1c</run_address>
         <size>0x2b</size>
         <input_file_ref idref="fl-14c"/>
      </object_component>
      <object_component id="oc-b3">
         <name>.debug_line</name>
         <load_address>0x1e47</load_address>
         <run_address>0x1e47</run_address>
         <size>0x8f</size>
         <input_file_ref idref="fl-14d"/>
      </object_component>
      <object_component id="oc-62">
         <name>.debug_line</name>
         <load_address>0x1ed6</load_address>
         <run_address>0x1ed6</run_address>
         <size>0x79</size>
         <input_file_ref idref="fl-14d"/>
      </object_component>
      <object_component id="oc-b7">
         <name>.debug_line</name>
         <load_address>0x1f4f</load_address>
         <run_address>0x1f4f</run_address>
         <size>0x2e</size>
         <input_file_ref idref="fl-14d"/>
      </object_component>
      <object_component id="oc-bc">
         <name>.debug_line</name>
         <load_address>0x1f7d</load_address>
         <run_address>0x1f7d</run_address>
         <size>0x81</size>
         <input_file_ref idref="fl-14d"/>
      </object_component>
      <object_component id="oc-11b">
         <name>.debug_line</name>
         <load_address>0x1ffe</load_address>
         <run_address>0x1ffe</run_address>
         <size>0x8e</size>
         <input_file_ref idref="fl-14e"/>
      </object_component>
      <object_component id="oc-99">
         <name>.debug_line</name>
         <load_address>0x208c</load_address>
         <run_address>0x208c</run_address>
         <size>0x68</size>
         <input_file_ref idref="fl-14e"/>
      </object_component>
      <object_component id="oc-11f">
         <name>.debug_line</name>
         <load_address>0x20f4</load_address>
         <run_address>0x20f4</run_address>
         <size>0x2e</size>
         <input_file_ref idref="fl-14e"/>
      </object_component>
      <object_component id="oc-1d2">
         <name>.debug_line</name>
         <load_address>0x2122</load_address>
         <run_address>0x2122</run_address>
         <size>0x2b</size>
         <input_file_ref idref="fl-14f"/>
      </object_component>
      <object_component id="oc-217">
         <name>.debug_line</name>
         <load_address>0x214d</load_address>
         <run_address>0x214d</run_address>
         <size>0x80</size>
         <input_file_ref idref="fl-150"/>
      </object_component>
      <object_component id="oc-1f6">
         <name>.debug_line</name>
         <load_address>0x21cd</load_address>
         <run_address>0x21cd</run_address>
         <size>0x33</size>
         <input_file_ref idref="fl-150"/>
      </object_component>
      <object_component id="oc-186">
         <name>.debug_line</name>
         <load_address>0x2200</load_address>
         <run_address>0x2200</run_address>
         <size>0x54</size>
         <input_file_ref idref="fl-150"/>
      </object_component>
      <object_component id="oc-1fa">
         <name>.debug_line</name>
         <load_address>0x2254</load_address>
         <run_address>0x2254</run_address>
         <size>0x7e</size>
         <input_file_ref idref="fl-150"/>
      </object_component>
      <object_component id="oc-207">
         <name>.debug_line</name>
         <load_address>0x22d2</load_address>
         <run_address>0x22d2</run_address>
         <size>0xde</size>
         <input_file_ref idref="fl-151"/>
      </object_component>
      <object_component id="oc-1bb">
         <name>.debug_line</name>
         <load_address>0x23b0</load_address>
         <run_address>0x23b0</run_address>
         <size>0x149</size>
         <input_file_ref idref="fl-151"/>
      </object_component>
      <object_component id="oc-13a">
         <name>.debug_line</name>
         <load_address>0x24f9</load_address>
         <run_address>0x24f9</run_address>
         <size>0x3b</size>
         <input_file_ref idref="fl-152"/>
      </object_component>
      <object_component id="oc-210">
         <name>.debug_line</name>
         <load_address>0x2534</load_address>
         <run_address>0x2534</run_address>
         <size>0x80</size>
         <input_file_ref idref="fl-153"/>
      </object_component>
      <object_component id="oc-1cb">
         <name>.debug_line</name>
         <load_address>0x25b4</load_address>
         <run_address>0x25b4</run_address>
         <size>0x53</size>
         <input_file_ref idref="fl-153"/>
      </object_component>
      <object_component id="oc-214">
         <name>.debug_line</name>
         <load_address>0x2607</load_address>
         <run_address>0x2607</run_address>
         <size>0x80</size>
         <input_file_ref idref="fl-153"/>
      </object_component>
      <object_component id="oc-21b">
         <name>.debug_line</name>
         <load_address>0x2687</load_address>
         <run_address>0x2687</run_address>
         <size>0x7f</size>
         <input_file_ref idref="fl-154"/>
      </object_component>
      <object_component id="oc-219">
         <name>.debug_line</name>
         <load_address>0x2706</load_address>
         <run_address>0x2706</run_address>
         <size>0x2c</size>
         <input_file_ref idref="fl-154"/>
      </object_component>
      <object_component id="oc-1f1">
         <name>.debug_line</name>
         <load_address>0x2732</load_address>
         <run_address>0x2732</run_address>
         <size>0x49</size>
         <input_file_ref idref="fl-154"/>
      </object_component>
      <object_component id="oc-1ec">
         <name>.debug_line</name>
         <load_address>0x277b</load_address>
         <run_address>0x277b</run_address>
         <size>0x20</size>
         <input_file_ref idref="fl-155"/>
      </object_component>
      <object_component id="oc-179">
         <name>.debug_line</name>
         <load_address>0x279b</load_address>
         <run_address>0x279b</run_address>
         <size>0xa2</size>
         <input_file_ref idref="fl-155"/>
      </object_component>
      <object_component id="oc-203">
         <name>.debug_line</name>
         <load_address>0x283d</load_address>
         <run_address>0x283d</run_address>
         <size>0x8a</size>
         <input_file_ref idref="fl-156"/>
      </object_component>
      <object_component id="oc-201">
         <name>.debug_line</name>
         <load_address>0x28c7</load_address>
         <run_address>0x28c7</run_address>
         <size>0x2c</size>
         <input_file_ref idref="fl-156"/>
      </object_component>
      <object_component id="oc-190">
         <name>.debug_line</name>
         <load_address>0x28f3</load_address>
         <run_address>0x28f3</run_address>
         <size>0x7b</size>
         <input_file_ref idref="fl-156"/>
      </object_component>
      <object_component id="oc-1ff">
         <name>.debug_line</name>
         <load_address>0x296e</load_address>
         <run_address>0x296e</run_address>
         <size>0x2e</size>
         <input_file_ref idref="fl-157"/>
      </object_component>
      <object_component id="oc-a2">
         <name>.debug_frame</name>
         <load_address>0x0</load_address>
         <run_address>0x0</run_address>
         <size>0xae</size>
         <input_file_ref idref="fl-2"/>
      </object_component>
      <object_component id="oc-2f">
         <name>.debug_frame</name>
         <load_address>0xae</load_address>
         <run_address>0xae</run_address>
         <size>0xb2</size>
         <input_file_ref idref="fl-3"/>
      </object_component>
      <object_component id="oc-e4">
         <name>.debug_frame</name>
         <load_address>0x160</load_address>
         <run_address>0x160</run_address>
         <size>0x93</size>
         <input_file_ref idref="fl-9"/>
      </object_component>
      <object_component id="oc-dd">
         <name>.debug_frame</name>
         <load_address>0x1f3</load_address>
         <run_address>0x1f3</run_address>
         <size>0x93</size>
         <input_file_ref idref="fl-12d"/>
      </object_component>
      <object_component id="oc-13">
         <name>.debug_frame</name>
         <load_address>0x286</load_address>
         <run_address>0x286</run_address>
         <size>0x7f</size>
         <input_file_ref idref="fl-12f"/>
      </object_component>
      <object_component id="oc-44">
         <name>.debug_frame</name>
         <load_address>0x305</load_address>
         <run_address>0x305</run_address>
         <size>0x8e</size>
         <input_file_ref idref="fl-130"/>
      </object_component>
      <object_component id="oc-1d">
         <name>.debug_frame</name>
         <load_address>0x393</load_address>
         <run_address>0x393</run_address>
         <size>0x7f</size>
         <input_file_ref idref="fl-130"/>
      </object_component>
      <object_component id="oc-f4">
         <name>.debug_frame</name>
         <load_address>0x412</load_address>
         <run_address>0x412</run_address>
         <size>0x86</size>
         <input_file_ref idref="fl-132"/>
      </object_component>
      <object_component id="oc-6f">
         <name>.debug_frame</name>
         <load_address>0x498</load_address>
         <run_address>0x498</run_address>
         <size>0xb3</size>
         <input_file_ref idref="fl-133"/>
      </object_component>
      <object_component id="oc-c8">
         <name>.debug_frame</name>
         <load_address>0x54b</load_address>
         <run_address>0x54b</run_address>
         <size>0x9c</size>
         <input_file_ref idref="fl-13e"/>
      </object_component>
      <object_component id="oc-5d">
         <name>.debug_frame</name>
         <load_address>0x5e7</load_address>
         <run_address>0x5e7</run_address>
         <size>0x7f</size>
         <input_file_ref idref="fl-13f"/>
      </object_component>
      <object_component id="oc-fa">
         <name>.debug_frame</name>
         <load_address>0x666</load_address>
         <run_address>0x666</run_address>
         <size>0x86</size>
         <input_file_ref idref="fl-140"/>
      </object_component>
      <object_component id="oc-d3">
         <name>.debug_frame</name>
         <load_address>0x6ec</load_address>
         <run_address>0x6ec</run_address>
         <size>0x93</size>
         <input_file_ref idref="fl-141"/>
      </object_component>
      <object_component id="oc-15d">
         <name>.debug_frame</name>
         <load_address>0x77f</load_address>
         <run_address>0x77f</run_address>
         <size>0x97</size>
         <input_file_ref idref="fl-143"/>
      </object_component>
      <object_component id="oc-129">
         <name>.debug_frame</name>
         <load_address>0x816</load_address>
         <run_address>0x816</run_address>
         <size>0x92</size>
         <input_file_ref idref="fl-144"/>
      </object_component>
      <object_component id="oc-154">
         <name>.debug_frame</name>
         <load_address>0x8a8</load_address>
         <run_address>0x8a8</run_address>
         <size>0x8f</size>
         <input_file_ref idref="fl-145"/>
      </object_component>
      <object_component id="oc-127">
         <name>.debug_frame</name>
         <load_address>0x937</load_address>
         <run_address>0x937</run_address>
         <size>0x8a</size>
         <input_file_ref idref="fl-146"/>
      </object_component>
      <object_component id="oc-149">
[...]
            <object_component_ref idref="oc-1ae"/>
            <object_component_ref idref="oc-1b3"/>
            <object_component_ref idref="oc-3a"/>
            <object_component_ref idref="oc-83"/>
            <object_component_ref idref="oc-48"/>
            <object_component_ref idref="oc-8d"/>
            <object_component_ref idref="oc-ad"/>
            <object_component_ref idref="oc-19d"/>
            <object_component_ref idref="oc-1e4"/>
            <object_component_ref idref="oc-180"/>
            <object_component_ref idref="oc-199"/>
            <object_component_ref idref="oc-1ea"/>
            <object_component_ref idref="oc-115"/>
            <object_component_ref idref="oc-108"/>
            <object_component_ref idref="oc-b5"/>
            <object_component_ref idref="oc-ba"/>
            <object_component_ref idref="oc-11d"/>
            <object_component_ref idref="oc-1fd"/>
            <object_component_ref idref="oc-1f8"/>
            <object_component_ref idref="oc-212"/>
         </contents>
      </logical_group>
      <load_segment id="lg-248" display="no" color="cyan">
         <name>SEGMENT_0</name>
         <load_address>0x0</load_address>
         <run_address>0x0</run_address>
         <size>0x2494</size>
         <flags>0x5</flags>
         <contents>
            <logical_group_ref idref="lg-3"/>
            <logical_group_ref idref="lg-4"/>
            <logical_group_ref idref="lg-5"/>
            <logical_group_ref idref="lg-6"/>
         </contents>
      </load_segment>
      <load_segment id="lg-249" display="no" color="cyan">
         <name>SEGMENT_1</name>
         <run_address>0x20000000</run_address>
         <size>0x3c0</size>
         <flags>0x6</flags>
         <contents>
            <logical_group_ref idref="lg-d"/>
            <logical_group_ref idref="lg-a"/>
         </contents>
      </load_segment>
   </logical_group_list>
   <placement_map>
      <memory_area display="yes" color="green">
         <name>FLASH</name>
         <page_id>0x0</page_id>
         <origin>0x0</origin>
         <length>0x40000</length>
         <used_space>0x248e</used_space>
         <unused_space>0x3db72</unused_space>
         <attributes>RX</attributes>
         <usage_details>
            <allocated_space>
               <start_address>0x0</start_address>
               <size>0x26c</size>
               <logical_group_ref idref="lg-3"/>
            </allocated_space>
            <allocated_space>
               <start_address>0x26c</start_address>
               <size>0x1ff6</size>
               <logical_group_ref idref="lg-4"/>
            </allocated_space>
            <available_space>
               <start_address>0x2262</start_address>
               <size>0x6</size>
            </available_space>
            <allocated_space>
               <start_address>0x2268</start_address>
               <size>0x1b8</size>
               <logical_group_ref idref="lg-5"/>
            </allocated_space>
            <allocated_space>
               <start_address>0x2420</start_address>
               <size>0x74</size>
               <logical_group_ref idref="lg-6"/>
            </allocated_space>
            <available_space>
               <start_address>0x2494</start_address>
               <size>0x3db6c</size>
            </available_space>
         </usage_details>
      </memory_area>
      <memory_area display="yes" color="green">
         <name>SRAM</name>
         <page_id>0x0</page_id>
         <origin>0x20000000</origin>
         <length>0x8000</length>
         <used_space>0x3c0</used_space>
         <unused_space>0x7c40</unused_space>
         <attributes>RWX</attributes>
         <usage_details>
            <allocated_space>
               <start_address>0x20000000</start_address>
               <size>0x200</size>
               <logical_group_ref idref="lg-d"/>
            </allocated_space>
            <allocated_space>
               <start_address>0x20000200</start_address>
               <size>0x1c0</size>
               <logical_group_ref idref="lg-21e"/>
            </allocated_space>
            <available_space>
               <start_address>0x200003c0</start_address>
               <size>0x7c40</size>
            </available_space>
         </usage_details>
      </memory_area>
   </placement_map>
   <cptbl_list>
      <cptbl>
         <name>__TI_cinit_table</name>
         <cprec>
            <name>.data</name>
            <load_address>0x2420</load_address>
            <load_size>0x63</load_size>
            <run_address>0x20000200</run_address>
            <run_size>0x1c0</run_size>
            <compression>rle</compression>
         </cprec>
      </cptbl>
   </cptbl_list>
   <handler_table>
      <handler_table_name>__TI_handler_table</handler_table_name>
      <handler>
         <index>0x0</index>
         <name>__TI_decompress_rle24</name>
      </handler>
      <handler>
         <index>0x1</index>
         <name>__TI_decompress_none</name>
      </handler>
   </handler_table>
   <symbol_table>
      <symbol id="sm-1">
         <name>__STACK_TOP</name>
         <value>0x20000200</value>
      </symbol>
      <symbol id="sm-2">
         <name>__TI_CINIT_Base</name>
         <value>0x248c</value>
      </symbol>
      <symbol id="sm-3">
         <name>__TI_CINIT_Limit</name>
         <value>0x2494</value>
      </symbol>
      <symbol id="sm-4">
         <name>__TI_Handler_Table_Base</name>
         <value>0x2484</value>
      </symbol>
      <symbol id="sm-5">
         <name>__TI_Handler_Table_Limit</name>
         <value>0x248c</value>
      </symbol>
      <symbol id="sm-6">
         <name>binit</name>
         <value>0xffffffff</value>
      </symbol>
      <symbol id="sm-7">
         <name>__binit__</name>
         <value>0xffffffff</value>
      </symbol>
      <symbol id="sm-8">
         <name>__STACK_SIZE</name>
         <value>0x200</value>
      </symbol>
      <symbol id="sm-9">
         <name>__STACK_END</name>
         <value>0x20000200</value>
      </symbol>
      <symbol id="sm-a">
         <name>__c_args__</name>
         <value>0xffffffff</value>
      </symbol>
      <symbol id="sm-46">
         <name>complejo</name>
         <value>0x15b9</value>
         <object_component_ref idref="oc-9d"/>
      </symbol>
      <symbol id="sm-47">
         <name>fase</name>
         <value>0x2000039c</value>
         <object_component_ref idref="oc-100"/>
      </symbol>
      <symbol id="sm-48">
         <name>main</name>
         <value>0x1649</value>
         <object_component_ref idref="oc-9d"/>
      </symbol>
      <symbol id="sm-49">
         <name>magnitud</name>
         <value>0x20000398</value>
         <object_component_ref idref="oc-100"/>
      </symbol>
      <symbol id="sm-65">
         <name>ResetISR</name>
         <value>0x2247</value>
         <object_component_ref idref="oc-2a"/>
      </symbol>
      <symbol id="sm-66">
         <name>g_pfnVectors</name>
         <value>0x0</value>
         <object_component_ref idref="oc-f"/>
      </symbol>
      <symbol id="sm-8d">
         <name>SysCtlClockSet</name>
         <value>0x18f1</value>
         <object_component_ref idref="oc-df"/>
      </symbol>
      <symbol id="sm-8e">
         <name>SysCtlDelay</name>
         <value>0x2253</value>
         <object_component_ref idref="oc-160"/>
      </symbol>
      <symbol id="sm-a9">
         <name>atan</name>
         <value>0x19e5</value>
         <object_component_ref idref="oc-d9"/>
      </symbol>
      <symbol id="sm-bb">
         <name>_c_int00</name>
         <value>0x1f15</value>
         <object_component_ref idref="oc-24"/>
      </symbol>
      <symbol id="sm-bc">
         <name>__stack</name>
         <value>0x20000000</value>
         <object_component_ref idref="oc-29"/>
      </symbol>
      <symbol id="sm-d3">
         <name>__TI_decompress_none</name>
         <value>0x2239</value>
         <object_component_ref idref="oc-12"/>
      </symbol>
      <symbol id="sm-fb">
         <name>__TI_decompress_rle24</name>
         <value>0x2259</value>
         <object_component_ref idref="oc-18"/>
      </symbol>
      <symbol id="sm-106">
         <name>cos</name>
         <value>0x21bd</value>
         <object_component_ref idref="oc-ef"/>
      </symbol>
      <symbol id="sm-125">
         <name>C$$EXIT</name>
         <value>0x2041</value>
         <object_component_ref idref="oc-6a"/>
      </symbol>
      <symbol id="sm-126">
         <name>abort</name>
         <value>0x2045</value>
         <object_component_ref idref="oc-6a"/>
      </symbol>
      <symbol id="sm-127">
         <name>exit</name>
         <value>0x204d</value>
         <object_component_ref idref="oc-6a"/>
      </symbol>
      <symbol id="sm-128">
         <name>__TI_dtors_ptr</name>
         <value>0x200003ac</value>
         <object_component_ref idref="oc-a8"/>
      </symbol>
      <symbol id="sm-129">
         <name>__TI_cleanup_ptr</name>
         <value>0x200003a8</value>
         <object_component_ref idref="oc-a8"/>
      </symbol>
      <symbol id="sm-14d">
         <name>__aeabi_dsub</name>
         <value>0xe81</value>
         <object_component_ref idref="oc-c9"/>
      </symbol>
      <symbol id="sm-14e">
         <name>__aeabi_dadd</name>
         <value>0xe8b</value>
         <object_component_ref idref="oc-c9"/>
      </symbol>
      <symbol id="sm-165">
         <name>__aeabi_cdcmpeq</name>
         <value>0x1cd7</value>
         <object_component_ref idref="oc-12e"/>
      </symbol>
      <symbol id="sm-166">
         <name>__aeabi_cdcmple</name>
         <value>0x1cd7</value>
         <object_component_ref idref="oc-12e"/>
      </symbol>
      <symbol id="sm-186">
         <name>__aeabi_ddiv</name>
         <value>0x1481</value>
         <object_component_ref idref="oc-13f"/>
      </symbol>
      <symbol id="sm-19d">
         <name>__aeabi_dmul</name>
         <value>0x17f5</value>
         <object_component_ref idref="oc-ea"/>
      </symbol>
      <symbol id="sm-1ab">
         <name>__aeabi_d2iz</name>
         <value>0x1fb1</value>
         <object_component_ref idref="oc-fb"/>
      </symbol>
      <symbol id="sm-1b8">
         <name>__aeabi_d2f</name>
         <value>0x1ff9</value>
         <object_component_ref idref="oc-d4"/>
      </symbol>
      <symbol id="sm-1c6">
         <name>__aeabi_f2d</name>
         <value>0x20c5</value>
         <object_component_ref idref="oc-be"/>
      </symbol>
      <symbol id="sm-1d2">
         <name>__aeabi_i2d</name>
         <value>0x2161</value>
         <object_component_ref idref="oc-e5"/>
      </symbol>
      <symbol id="sm-1ed">
         <name>memcpy</name>
         <value>0x1c3b</value>
         <object_component_ref idref="oc-33"/>
      </symbol>
      <symbol id="sm-1ee">
         <name>__aeabi_memcpy</name>
         <value>0x1c3b</value>
         <object_component_ref idref="oc-33"/>
      </symbol>
      <symbol id="sm-1ef">
         <name>__aeabi_memcpy8</name>
         <value>0x1c3b</value>
         <object_component_ref idref="oc-33"/>
      </symbol>
      <symbol id="sm-1f0">
         <name>__aeabi_memcpy4</name>
         <value>0x1c3b</value>
         <object_component_ref idref="oc-33"/>
      </symbol>
      <symbol id="sm-1ff">
         <name>__aeabi_memset</name>
         <value>0x1d5f</value>
         <object_component_ref idref="oc-4c"/>
      </symbol>
      <symbol id="sm-200">
         <name>memset</name>
         <value>0x1d65</value>
         <object_component_ref idref="oc-4c"/>
      </symbol>
      <symbol id="sm-201">
         <name>__aeabi_memset8</name>
         <value>0x1d5f</value>
         <object_component_ref idref="oc-4c"/>
      </symbol>
      <symbol id="sm-202">
         <name>__aeabi_memset4</name>
         <value>0x1d5f</value>
         <object_component_ref idref="oc-4c"/>
      </symbol>
      <symbol id="sm-203">
         <name>__aeabi_memclr8</name>
         <value>0x1d5d</value>
         <object_component_ref idref="oc-4c"/>
      </symbol>
      <symbol id="sm-204">
         <name>__aeabi_memclr4</name>
         <value>0x1d5d</value>
         <object_component_ref idref="oc-4c"/>
      </symbol>
      <symbol id="sm-205">
         <name>__aeabi_memclr</name>
         <value>0x1d5d</value>
         <object_component_ref idref="oc-4c"/>
      </symbol>
      <symbol id="sm-25a">
         <name>pow</name>
         <value>0x26d</value>
         <object_component_ref idref="oc-c3"/>
      </symbol>
      <symbol id="sm-264">
         <name>_system_pre_init</name>
         <value>0x225f</value>
         <object_component_ref idref="oc-58"/>
      </symbol>
      <symbol id="sm-26e">
         <name>sin</name>
         <value>0x21f1</value>
         <object_component_ref idref="oc-f5"/>
      </symbol>
      <symbol id="sm-285">
         <name>sqrt</name>
         <value>0x1339</value>
         <object_component_ref idref="oc-ce"/>
      </symbol>
      <symbol id="sm-28d">
         <name>main_func_sp</name>
         <value>0x200003bc</value>
         <object_component_ref idref="oc-70"/>
      </symbol>
      <symbol id="sm-2b3">
         <name>_Atan</name>
         <value>0x1039</value>
         <object_component_ref idref="oc-158"/>
      </symbol>
      <symbol id="sm-2d2">
         <name>_Dint</name>
         <value>0x1abd</value>
         <object_component_ref idref="oc-128"/>
      </symbol>
      <symbol id="sm-2ee">
         <name>_Dscale</name>
         <value>0x16e5</value>
         <object_component_ref idref="oc-150"/>
      </symbol>
      <symbol id="sm-302">
         <name>_Dunscale</name>
         <value>0x1eaf</value>
         <object_component_ref idref="oc-122"/>
      </symbol>
      <symbol id="sm-336">
         <name>_Exp</name>
         <value>0xc85</value>
         <object_component_ref idref="oc-144"/>
      </symbol>
      <symbol id="sm-345">
         <name>_Feraise</name>
         <value>0x2131</value>
         <object_component_ref idref="oc-133"/>
      </symbol>
      <symbol id="sm-37f">
         <name>_Sin</name>
         <value>0x9f1</value>
         <object_component_ref idref="oc-165"/>
      </symbol>
      <symbol id="sm-38f">
         <name>_Rteps</name>
         <value>0x20000310</value>
         <object_component_ref idref="oc-14a"/>
      </symbol>
      <symbol id="sm-390">
         <name>_Zero</name>
         <value>0x20000328</value>
         <object_component_ref idref="oc-14a"/>
      </symbol>
      <symbol id="sm-391">
         <name>_Hugeval</name>
         <value>0x200002d0</value>
         <object_component_ref idref="oc-14a"/>
      </symbol>
      <symbol id="sm-392">
         <name>_Snan</name>
         <value>0x20000300</value>
         <object_component_ref idref="oc-14a"/>
      </symbol>
      <symbol id="sm-393">
         <name>_Nan</name>
         <value>0x200002f0</value>
         <object_component_ref idref="oc-14a"/>
      </symbol>
      <symbol id="sm-394">
         <name>_Inf</name>
         <value>0x200002e0</value>
         <object_component_ref idref="oc-14a"/>
      </symbol>
      <symbol id="sm-395">
         <name>_Xbig</name>
         <value>0x20000320</value>
         <object_component_ref idref="oc-14a"/>
      </symbol>
      <symbol id="sm-396">
         <name>_Eps</name>
         <value>0x200002c0</value>
         <object_component_ref idref="oc-14a"/>
      </symbol>
      <symbol id="sm-397">
         <name>_Denorm</name>
         <value>0x200002b0</value>
         <object_component_ref idref="oc-14a"/>
      </symbol>
      <symbol id="sm-3b0">
         <name>_nop</name>
         <value>0x2233</value>
         <object_component_ref idref="oc-10c"/>
      </symbol>
      <symbol id="sm-3b1">
         <name>_lock</name>
         <value>0x200003a0</value>
         <object_component_ref idref="oc-a5"/>
      </symbol>
      <symbol id="sm-3b2">
         <name>_unlock</name>
         <value>0x200003a4</value>
         <object_component_ref idref="oc-a5"/>
      </symbol>
      <symbol id="sm-3b3">
         <name>_register_lock</name>
         <value>0x222b</value>
         <object_component_ref idref="oc-10c"/>
      </symbol>
      <symbol id="sm-3b4">
         <name>_register_unlock</name>
         <value>0x2225</value>
         <object_component_ref idref="oc-10c"/>
      </symbol>
      <symbol id="sm-3c9">
         <name>_args_main</name>
         <value>0x220d</value>
         <object_component_ref idref="oc-64"/>
      </symbol>
      <symbol id="sm-3ef">
         <name>__TI_auto_init</name>
         <value>0x1dd9</value>
         <object_component_ref idref="oc-5e"/>
      </symbol>
      <symbol id="sm-409">
         <name>copy_in</name>
         <value>0x1f65</value>
         <object_component_ref idref="oc-95"/>
      </symbol>
      <symbol id="sm-411">
         <name>_Errno</name>
         <value>0x200003b8</value>
         <object_component_ref idref="oc-188"/>
      </symbol>
      <symbol id="sm-42f">
         <name>feraiseexcept</name>
         <value>0x20fd</value>
         <object_component_ref idref="oc-182"/>
      </symbol>
      <symbol id="sm-430">
         <name>_Tls_setup__Fenv</name>
         <value>0x200003b4</value>
         <object_component_ref idref="oc-1cd"/>
      </symbol>
      <symbol id="sm-431">
         <name>_Fenv</name>
         <value>0x200003b0</value>
         <object_component_ref idref="oc-1cd"/>
      </symbol>
      <symbol id="sm-455">
         <name>fmod</name>
         <value>0x11c5</value>
         <object_component_ref idref="oc-1b7"/>
      </symbol>
      <symbol id="sm-45f">
         <name>log</name>
         <value>0x21d7</value>
         <object_component_ref idref="oc-139"/>
      </symbol>
      <symbol id="sm-473">
         <name>raise</name>
         <value>0x218f</value>
         <object_component_ref idref="oc-1c7"/>
      </symbol>
      <symbol id="sm-48d">
         <name>signal</name>
         <value>0x2085</value>
         <object_component_ref idref="oc-1ed"/>
      </symbol>
      <symbol id="sm-4a2">
         <name>_Dnorm</name>
         <value>0x1b7d</value>
         <object_component_ref idref="oc-175"/>
      </symbol>
      <symbol id="sm-4d2">
         <name>_Log</name>
         <value>0x705</value>
         <object_component_ref idref="oc-18c"/>
      </symbol>
      <symbol id="sm-4e1">
         <name>_FZero</name>
         <value>0x20000394</value>
         <object_component_ref idref="oc-1d3"/>
      </symbol>
      <symbol id="sm-4e2">
         <name>_FRteps</name>
         <value>0x20000380</value>
         <object_component_ref idref="oc-1d3"/>
      </symbol>
      <symbol id="sm-4e3">
         <name>_FSnan</name>
         <value>0x20000370</value>
         <object_component_ref idref="oc-1d3"/>
      </symbol>
      <symbol id="sm-4e4">
         <name>_FNan</name>
         <value>0x20000360</value>
         <object_component_ref idref="oc-1d3"/>
      </symbol>
      <symbol id="sm-4e5">
         <name>_FInf</name>
         <value>0x20000350</value>
         <object_component_ref idref="oc-1d3"/>
      </symbol>
      <symbol id="sm-4e6">
         <name>_FEps</name>
         <value>0x20000340</value>
         <object_component_ref idref="oc-1d3"/>
      </symbol>
      <symbol id="sm-4e7">
         <name>_FXbig</name>
         <value>0x20000390</value>
         <object_component_ref idref="oc-1d3"/>
      </symbol>
      <symbol id="sm-4e8">
         <name>_FDenorm</name>
         <value>0x20000330</value>
         <object_component_ref idref="oc-1d3"/>
      </symbol>
      <symbol id="sm-4e9">
         <name>__TI_static_base__</name>
         <value>0x0</value>
      </symbol>
      <symbol id="sm-4ec">
         <name>SHT$$INIT_ARRAY$$Limit</name>
         <value>0x0</value>
      </symbol>
      <symbol id="sm-4ed">
         <name>SHT$$INIT_ARRAY$$Base</name>
         <value>0x0</value>
      </symbol>
   </symbol_table>
   <title>Link successful</title>
</link_info>
