******************************************************************************
                  TI ARM Linker PC v5.2.5                      
******************************************************************************
>> Linked Sat Jun 30 05:10:19 2018

OUTPUT FILE NAME:   <PWM.out>
ENTRY POINT SYMBOL: "_c_int00"  address: 000008d9


MEMORY CONFIGURATION

         name            origin    length      used     unused   attr    fill
----------------------  --------  ---------  --------  --------  ----  --------
  FLASH                 00000000   00040000  00000c8a  0003f376  R  X
  SRAM                  20000000   00008000  00000218  00007de8  RW X


SEGMENT ALLOCATION MAP

run origin  load origin   length   init length attrs members
----------  ----------- ---------- ----------- ----- -------
00000000    00000000    00000c90   00000c90    r-x
  00000000    00000000    0000026c   0000026c    r-- .intvecs
  0000026c    0000026c    000008ea   000008ea    r-x .text
  00000b58    00000b58    000000fc   000000fc    r-- .const
  00000c58    00000c58    00000038   00000038    r-- .cinit
20000000    20000000    00000218   00000000    rw-
  20000000    20000000    00000200   00000000    rw- .stack
  20000200    20000200    00000014   00000000    rw- .data
  20000214    20000214    00000004   00000000    rw- .bss


SECTION ALLOCATION MAP

 output                                  attributes/
section   page    origin      length       input sections
--------  ----  ----------  ----------   ----------------
.intvecs   0    00000000    0000026c     
                  00000000    0000026c     tm4c123gh6pm_startup_ccs.obj (.intvecs)

.text      0    0000026c    000008ea     
                  0000026c    00000144     main.obj (.text)
                  000003b0    00000132     driverlib.lib : gpio.obj (.text:GPIOPadConfigSet)
                  000004e2    00000002     --HOLE-- [fill = 0]
                  000004e4    00000110                   : sysctl.obj (.text:SysCtlClockGet)
                  000005f4    000000f4                   : sysctl.obj (.text:SysCtlClockSet)
                  000006e8    0000009c     rtsv7M4_T_le_v4SPD16_eabi.lib : memcpy_t2.obj (.text)
                  00000784    0000007a                                   : memset_t2.obj (.text)
                  000007fe    00000002     --HOLE-- [fill = 0]
                  00000800    0000006c                                   : autoinit.obj (.text)
                  0000086c    0000006a                                   : copy_decompress_rle.obj (.text)
                  000008d6    00000002     --HOLE-- [fill = 0]
                  000008d8    00000050                                   : boot.obj (.text)
                  00000928    0000004c                                   : cpy_tbl.obj (.text)
                  00000974    00000048     driverlib.lib : gpio.obj (.text:GPIOPinConfigure)
                  000009bc    00000044     rtsv7M4_T_le_v4SPD16_eabi.lib : exit.obj (.text)
                  00000a00    00000034     driverlib.lib : sysctl.obj (.text:SysCtlPeripheralEnable)
                  00000a34    0000002a                   : gpio.obj (.text:GPIODirModeSet)
                  00000a5e    00000022                   : pwm.obj (.text:PWMGenConfigure)
                  00000a80    0000001e                   : pwm.obj (.text:PWMPulseWidthSet)
                  00000a9e    00000002     --HOLE-- [fill = 0]
                  00000aa0    00000018     rtsv7M4_T_le_v4SPD16_eabi.lib : args_main.obj (.text)
                  00000ab8    00000014     driverlib.lib : sysctl.obj (.text:SysCtlPWMClockSet)
                  00000acc    00000014     rtsv7M4_T_le_v4SPD16_eabi.lib : _lock.obj (.text)
                  00000ae0    00000012     driverlib.lib : gpio.obj (.text:GPIOPinTypePWM)
                  00000af2    00000012                   : pwm.obj (.text:PWMOutputState)
                  00000b04    00000010                   : pwm.obj (.text:PWMGenPeriodSet)
                  00000b14    0000000e     rtsv7M4_T_le_v4SPD16_eabi.lib : copy_decompress_none.obj (.text:decompress:none)
                  00000b22    0000000c     driverlib.lib : pwm.obj (.text:PWMGenEnable)
                  00000b2e    0000000c     rtsv7M4_T_le_v4SPD16_eabi.lib : copy_zero_init.obj (.text:decompress:ZI)
                  00000b3a    0000000c     tm4c123gh6pm_startup_ccs.obj (.text)
                  00000b46    00000006     driverlib.lib : sysctl.obj (.text:SysCtlDelay)
                  00000b4c    00000006     rtsv7M4_T_le_v4SPD16_eabi.lib : copy_decompress_rle.obj (.text:decompress:rle24)
                  00000b52    00000004                                   : pre_init.obj (.text)

.const     0    00000b58    000000fc     
                  00000b58    00000090     driverlib.lib : gpio.obj (.const:g_pui32GPIOBaseAddrs)
                  00000be8    0000006c                   : sysctl.obj (.const:g_pui32Xtals)

.cinit     0    00000c58    00000038     
                  00000c58    0000000f     (.cinit..data.load) [load image, compression = rle]
                  00000c67    00000001     --HOLE-- [fill = 0]
                  00000c68    0000000c     (__TI_handler_table)
                  00000c74    00000004     --HOLE-- [fill = 0]
                  00000c78    00000008     (.cinit..bss.load) [load image, compression = zero_init]
                  00000c80    00000010     (__TI_cinit_table)

.init_array 
*          0    00000000    00000000     UNINITIALIZED

.stack     0    20000000    00000200     UNINITIALIZED
                  20000000    00000200     --HOLE--

.data      0    20000200    00000014     UNINITIALIZED
                  20000200    00000008     rtsv7M4_T_le_v4SPD16_eabi.lib : _lock.obj (.data)
                  20000208    00000008                                   : exit.obj (.data)
                  20000210    00000004                                   : stkdepth_vars.obj (.data)

.bss       0    20000214    00000004     UNINITIALIZED
                  20000214    00000004     (.common:Periodo)

.TI.persistent 
*          0    20000200    00000000     UNINITIALIZED

.TI.noinit 
*          0    20000214    00000000     UNINITIALIZED


LINKER GENERATED COPY TABLES

__TI_cinit_table @ 00000c80 records: 2, size/record: 8, table size: 16
	.data: load addr=00000c58, load size=0000000f bytes, run addr=20000200, run size=00000014 bytes, compression=rle
	.bss: load addr=00000c78, load size=00000008 bytes, run addr=20000214, run size=00000004 bytes, compression=zero_init


LINKER GENERATED HANDLER TABLE

__TI_handler_table @ 00000c68 records: 3, size/record: 4, table size: 12
	index: 0, handler: __TI_decompress_rle24
	index: 1, handler: __TI_decompress_none
	index: 2, handler: __TI_zero_init


GLOBAL SYMBOLS: SORTED ALPHABETICALLY BY Name 

address   name                    
-------   ----                    
000009bd  C$$EXIT                 
00000a35  GPIODirModeSet          
000003b1  GPIOPadConfigSet        
00000975  GPIOPinConfigure        
00000ae1  GPIOPinTypePWM          
00000a5f  PWMGenConfigure         
00000b23  PWMGenEnable            
00000b05  PWMGenPeriodSet         
00000af3  PWMOutputState          
00000a81  PWMPulseWidthSet        
20000214  Periodo                 
00000b3b  ResetISR                
UNDEFED   SHT$$INIT_ARRAY$$Base   
UNDEFED   SHT$$INIT_ARRAY$$Limit  
000004e5  SysCtlClockGet          
000005f5  SysCtlClockSet          
00000b47  SysCtlDelay             
00000ab9  SysCtlPWMClockSet       
00000a01  SysCtlPeripheralEnable  
20000200  __STACK_END             
00000200  __STACK_SIZE            
20000200  __STACK_TOP             
00000c80  __TI_CINIT_Base         
00000c90  __TI_CINIT_Limit        
00000c68  __TI_Handler_Table_Base 
00000c74  __TI_Handler_Table_Limit
00000801  __TI_auto_init          
20000208  __TI_cleanup_ptr        
00000b15  __TI_decompress_none    
00000b4d  __TI_decompress_rle24   
2000020c  __TI_dtors_ptr          
00000000  __TI_static_base__      
00000b2f  __TI_zero_init          
00000785  __aeabi_memclr          
00000785  __aeabi_memclr4         
00000785  __aeabi_memclr8         
000006e9  __aeabi_memcpy          
000006e9  __aeabi_memcpy4         
000006e9  __aeabi_memcpy8         
00000787  __aeabi_memset          
00000787  __aeabi_memset4         
00000787  __aeabi_memset8         
ffffffff  __binit__               
ffffffff  __c_args__              
20000000  __stack                 
00000aa1  _args_main              
000008d9  _c_int00                
20000200  _lock                   
00000adb  _nop                    
00000ad3  _register_lock          
00000acd  _register_unlock        
00000b53  _system_pre_init        
20000204  _unlock                 
000009c1  abort                   
ffffffff  binit                   
00000929  copy_in                 
0000026d  delayMS                 
000009c9  exit                    
00000000  g_pfnVectors            
0000032f  main                    
20000210  main_func_sp            
000006e9  memcpy                  
0000078d  memset                  
00000289  pwm_config              
000002ed  pwm_set                 


GLOBAL SYMBOLS: SORTED BY Symbol Address 

address   name                    
-------   ----                    
00000000  __TI_static_base__      
00000000  g_pfnVectors            
00000200  __STACK_SIZE            
0000026d  delayMS                 
00000289  pwm_config              
000002ed  pwm_set                 
0000032f  main                    
000003b1  GPIOPadConfigSet        
000004e5  SysCtlClockGet          
000005f5  SysCtlClockSet          
000006e9  __aeabi_memcpy          
000006e9  __aeabi_memcpy4         
000006e9  __aeabi_memcpy8         
000006e9  memcpy                  
00000785  __aeabi_memclr          
00000785  __aeabi_memclr4         
00000785  __aeabi_memclr8         
00000787  __aeabi_memset          
00000787  __aeabi_memset4         
00000787  __aeabi_memset8         
0000078d  memset                  
00000801  __TI_auto_init          
000008d9  _c_int00                
00000929  copy_in                 
00000975  GPIOPinConfigure        
000009bd  C$$EXIT                 
000009c1  abort                   
000009c9  exit                    
00000a01  SysCtlPeripheralEnable  
00000a35  GPIODirModeSet          
00000a5f  PWMGenConfigure         
00000a81  PWMPulseWidthSet        
00000aa1  _args_main              
00000ab9  SysCtlPWMClockSet       
00000acd  _register_unlock        
00000ad3  _register_lock          
00000adb  _nop                    
00000ae1  GPIOPinTypePWM          
00000af3  PWMOutputState          
00000b05  PWMGenPeriodSet         
00000b15  __TI_decompress_none    
00000b23  PWMGenEnable            
00000b2f  __TI_zero_init          
00000b3b  ResetISR                
00000b47  SysCtlDelay             
00000b4d  __TI_decompress_rle24   
00000b53  _system_pre_init        
00000c68  __TI_Handler_Table_Base 
00000c74  __TI_Handler_Table_Limit
00000c80  __TI_CINIT_Base         
00000c90  __TI_CINIT_Limit        
20000000  __stack                 
20000200  __STACK_END             
20000200  __STACK_TOP             
20000200  _lock                   
20000204  _unlock                 
20000208  __TI_cleanup_ptr        
2000020c  __TI_dtors_ptr          
20000210  main_func_sp            
20000214  Periodo                 
ffffffff  __binit__               
ffffffff  __c_args__              
ffffffff  binit                   
UNDEFED   SHT$$INIT_ARRAY$$Base   
UNDEFED   SHT$$INIT_ARRAY$$Limit  

[65 symbols]
