******************************************************************************
                  TI ARM Linker PC v5.2.5                      
******************************************************************************
>> Linked Sat Jun 30 00:14:34 2018

OUTPUT FILE NAME:   <Templait.out>
ENTRY POINT SYMBOL: "_c_int00"  address: 000008dd


MEMORY CONFIGURATION

         name            origin    length      used     unused   attr    fill
----------------------  --------  ---------  --------  --------  ----  --------
  FLASH                 00000000   00040000  00000c6a  0003f396  R  X
  SRAM                  20000000   00008000  00000214  00007dec  RW X


SEGMENT ALLOCATION MAP

run origin  load origin   length   init length attrs members
----------  ----------- ---------- ----------- ----- -------
00000000    00000000    00000c70   00000c70    r-x
  00000000    00000000    0000026c   0000026c    r-- .intvecs
  0000026c    0000026c    000008e2   000008e2    r-x .text
  00000b50    00000b50    000000fc   000000fc    r-- .const
  00000c50    00000c50    00000020   00000020    r-- .cinit
20000000    20000000    00000214   00000000    rw-
  20000000    20000000    00000200   00000000    rw- .stack
  20000200    20000200    00000014   00000000    rw- .data


SECTION ALLOCATION MAP

 output                                  attributes/
section   page    origin      length       input sections
--------  ----  ----------  ----------   ----------------
.intvecs   0    00000000    0000026c     
                  00000000    0000026c     tm4c123gh6pm_startup_ccs.obj (.intvecs)

.text      0    0000026c    000008e2     
                  0000026c    00000148     main.obj (.text)
                  000003b4    00000132     driverlib.lib : gpio.obj (.text:GPIOPadConfigSet)
                  000004e6    00000002     --HOLE-- [fill = 0]
                  000004e8    00000110                   : sysctl.obj (.text:SysCtlClockGet)
                  000005f8    000000f4                   : sysctl.obj (.text:SysCtlClockSet)
                  000006ec    0000009c     rtsv7M4_T_le_v4SPD16_eabi.lib : memcpy_t2.obj (.text)
                  00000788    0000007a                                   : memset_t2.obj (.text)
                  00000802    00000002     --HOLE-- [fill = 0]
                  00000804    0000006c                                   : autoinit.obj (.text)
                  00000870    0000006a                                   : copy_decompress_rle.obj (.text)
                  000008da    00000002     --HOLE-- [fill = 0]
                  000008dc    00000050                                   : boot.obj (.text)
                  0000092c    0000004c                                   : cpy_tbl.obj (.text)
                  00000978    00000048     driverlib.lib : gpio.obj (.text:GPIOPinConfigure)
                  000009c0    00000044     rtsv7M4_T_le_v4SPD16_eabi.lib : exit.obj (.text)
                  00000a04    00000034     driverlib.lib : sysctl.obj (.text:SysCtlPeripheralEnable)
                  00000a38    0000002a                   : gpio.obj (.text:GPIODirModeSet)
                  00000a62    00000022                   : pwm.obj (.text:PWMGenConfigure)
                  00000a84    0000001e                   : pwm.obj (.text:PWMPulseWidthSet)
                  00000aa2    00000002     --HOLE-- [fill = 0]
                  00000aa4    00000018     rtsv7M4_T_le_v4SPD16_eabi.lib : args_main.obj (.text)
                  00000abc    00000014     driverlib.lib : sysctl.obj (.text:SysCtlPWMClockSet)
                  00000ad0    00000014     rtsv7M4_T_le_v4SPD16_eabi.lib : _lock.obj (.text)
                  00000ae4    00000012     driverlib.lib : gpio.obj (.text:GPIOPinTypePWM)
                  00000af6    00000012                   : pwm.obj (.text:PWMOutputState)
                  00000b08    00000010                   : pwm.obj (.text:PWMGenPeriodSet)
                  00000b18    0000000e     rtsv7M4_T_le_v4SPD16_eabi.lib : copy_decompress_none.obj (.text:decompress:none)
                  00000b26    0000000c     driverlib.lib : pwm.obj (.text:PWMGenEnable)
                  00000b32    0000000c     tm4c123gh6pm_startup_ccs.obj (.text)
                  00000b3e    00000006     driverlib.lib : sysctl.obj (.text:SysCtlDelay)
                  00000b44    00000006     rtsv7M4_T_le_v4SPD16_eabi.lib : copy_decompress_rle.obj (.text:decompress:rle24)
                  00000b4a    00000004                                   : pre_init.obj (.text)

.const     0    00000b50    000000fc     
                  00000b50    00000090     driverlib.lib : gpio.obj (.const:g_pui32GPIOBaseAddrs)
                  00000be0    0000006c                   : sysctl.obj (.const:g_pui32Xtals)

.cinit     0    00000c50    00000020     
                  00000c50    0000000f     (.cinit..data.load) [load image, compression = rle]
                  00000c5f    00000001     --HOLE-- [fill = 0]
                  00000c60    00000008     (__TI_handler_table)
                  00000c68    00000008     (__TI_cinit_table)

.init_array 
*          0    00000000    00000000     UNINITIALIZED

.stack     0    20000000    00000200     UNINITIALIZED
                  20000000    00000200     --HOLE--

.data      0    20000200    00000014     UNINITIALIZED
                  20000200    00000008     rtsv7M4_T_le_v4SPD16_eabi.lib : _lock.obj (.data)
                  20000208    00000008                                   : exit.obj (.data)
                  20000210    00000004                                   : stkdepth_vars.obj (.data)

.TI.persistent 
*          0    20000200    00000000     UNINITIALIZED


LINKER GENERATED COPY TABLES

__TI_cinit_table @ 00000c68 records: 1, size/record: 8, table size: 8
	.data: load addr=00000c50, load size=0000000f bytes, run addr=20000200, run size=00000014 bytes, compression=rle


LINKER GENERATED HANDLER TABLE

__TI_handler_table @ 00000c60 records: 2, size/record: 4, table size: 8
	index: 0, handler: __TI_decompress_rle24
	index: 1, handler: __TI_decompress_none


GLOBAL SYMBOLS: SORTED ALPHABETICALLY BY Name 

address   name                    
-------   ----                    
000009c1  C$$EXIT                 
00000a39  GPIODirModeSet          
000003b5  GPIOPadConfigSet        
00000979  GPIOPinConfigure        
00000ae5  GPIOPinTypePWM          
00000a63  PWMGenConfigure         
00000b27  PWMGenEnable            
00000b09  PWMGenPeriodSet         
00000af7  PWMOutputState          
00000a85  PWMPulseWidthSet        
00000b33  ResetISR                
UNDEFED   SHT$$INIT_ARRAY$$Base   
UNDEFED   SHT$$INIT_ARRAY$$Limit  
000004e9  SysCtlClockGet          
000005f9  SysCtlClockSet          
00000b3f  SysCtlDelay             
00000abd  SysCtlPWMClockSet       
00000a05  SysCtlPeripheralEnable  
20000200  __STACK_END             
00000200  __STACK_SIZE            
20000200  __STACK_TOP             
00000c68  __TI_CINIT_Base         
00000c70  __TI_CINIT_Limit        
00000c60  __TI_Handler_Table_Base 
00000c68  __TI_Handler_Table_Limit
00000805  __TI_auto_init          
20000208  __TI_cleanup_ptr        
00000b19  __TI_decompress_none    
00000b45  __TI_decompress_rle24   
2000020c  __TI_dtors_ptr          
00000000  __TI_static_base__      
00000789  __aeabi_memclr          
00000789  __aeabi_memclr4         
00000789  __aeabi_memclr8         
000006ed  __aeabi_memcpy          
000006ed  __aeabi_memcpy4         
000006ed  __aeabi_memcpy8         
0000078b  __aeabi_memset          
0000078b  __aeabi_memset4         
0000078b  __aeabi_memset8         
ffffffff  __binit__               
ffffffff  __c_args__              
20000000  __stack                 
00000aa5  _args_main              
000008dd  _c_int00                
20000200  _lock                   
00000adf  _nop                    
00000ad7  _register_lock          
00000ad1  _register_unlock        
00000b4b  _system_pre_init        
20000204  _unlock                 
000009c5  abort                   
ffffffff  binit                   
0000092d  copy_in                 
0000026d  delayMS                 
000009cd  exit                    
00000000  g_pfnVectors            
00000289  main                    
20000210  main_func_sp            
000006ed  memcpy                  
00000791  memset                  


GLOBAL SYMBOLS: SORTED BY Symbol Address 

address   name                    
-------   ----                    
00000000  __TI_static_base__      
00000000  g_pfnVectors            
00000200  __STACK_SIZE            
0000026d  delayMS                 
00000289  main                    
000003b5  GPIOPadConfigSet        
000004e9  SysCtlClockGet          
000005f9  SysCtlClockSet          
000006ed  __aeabi_memcpy          
000006ed  __aeabi_memcpy4         
000006ed  __aeabi_memcpy8         
000006ed  memcpy                  
00000789  __aeabi_memclr          
00000789  __aeabi_memclr4         
00000789  __aeabi_memclr8         
0000078b  __aeabi_memset          
0000078b  __aeabi_memset4         
0000078b  __aeabi_memset8         
00000791  memset                  
00000805  __TI_auto_init          
000008dd  _c_int00                
0000092d  copy_in                 
00000979  GPIOPinConfigure        
000009c1  C$$EXIT                 
000009c5  abort                   
000009cd  exit                    
00000a05  SysCtlPeripheralEnable  
00000a39  GPIODirModeSet          
00000a63  PWMGenConfigure         
00000a85  PWMPulseWidthSet        
00000aa5  _args_main              
00000abd  SysCtlPWMClockSet       
00000ad1  _register_unlock        
00000ad7  _register_lock          
00000adf  _nop                    
00000ae5  GPIOPinTypePWM          
00000af7  PWMOutputState          
00000b09  PWMGenPeriodSet         
00000b19  __TI_decompress_none    
00000b27  PWMGenEnable            
00000b33  ResetISR                
00000b3f  SysCtlDelay             
00000b45  __TI_decompress_rle24   
00000b4b  _system_pre_init        
00000c60  __TI_Handler_Table_Base 
00000c68  __TI_CINIT_Base         
00000c68  __TI_Handler_Table_Limit
00000c70  __TI_CINIT_Limit        
20000000  __stack                 
20000200  __STACK_END             
20000200  __STACK_TOP             
20000200  _lock                   
20000204  _unlock                 
20000208  __TI_cleanup_ptr        
2000020c  __TI_dtors_ptr          
20000210  main_func_sp            
ffffffff  __binit__               
ffffffff  __c_args__              
ffffffff  binit                   
UNDEFED   SHT$$INIT_ARRAY$$Base   
UNDEFED   SHT$$INIT_ARRAY$$Limit  

[61 symbols]
