******************************************************************************
                  TI ARM Linker PC v5.2.5                      
******************************************************************************
>> Linked Tue Jul 03 10:31:25 2018

OUTPUT FILE NAME:   <DFT_Final.out>
ENTRY POINT SYMBOL: "_c_int00"  address: 000024c9


MEMORY CONFIGURATION

         name            origin    length      used     unused   attr    fill
----------------------  --------  ---------  --------  --------  ----  --------
  FLASH                 00000000   00040000  00002d26  0003d2da  R  X
  SRAM                  20000000   00008000  00002648  000059b8  RW X


SEGMENT ALLOCATION MAP

run origin  load origin   length   init length attrs members
----------  ----------- ---------- ----------- ----- -------
00000000    00000000    00002d30   00002d30    r-x
  00000000    00000000    0000026c   0000026c    r-- .intvecs
  0000026c    0000026c    00002796   00002796    r-x .text
  00002a08    00002a08    0000029c   0000029c    r-- .const
  00002ca8    00002ca8    00000088   00000088    r-- .cinit
20000000    20000000    0000264c   00000000    rw-
  20000000    20000000    00002204   00000000    rw- .bss
  20002208    20002208    00000244   00000000    rw- .data
  2000244c    2000244c    00000200   00000000    rw- .stack


SECTION ALLOCATION MAP

 output                                  attributes/
section   page    origin      length       input sections
--------  ----  ----------  ----------   ----------------
.intvecs   0    00000000    0000026c     
                  00000000    0000026c     tm4c123gh6pm_startup_ccs.obj (.intvecs)

.text      0    0000026c    00002796     
                  0000026c    00000514     DFT.obj (.text)
                  00000780    000003ec     rtsv7M4_T_le_v4SPD16_eabi.lib : powf.obj (.text)
                  00000b6c    000001b6                                   : fd_add_t2.obj (.text)
                  00000d22    00000002     --HOLE-- [fill = 0]
                  00000d24    0000018c                                   : xatan.obj (.text)
                  00000eb0    00000180                                   : xfexp.obj (.text)
                  00001030    00000178                                   : xflog.obj (.text)
                  000011a8    0000016c                                   : xfsin.obj (.text)
                  00001314    00000160                                   : fmodf.obj (.text)
                  00001474    00000148                                   : sqrt.obj (.text)
                  000015bc    00000136                                   : fd_div_t2.obj (.text)
                  000016f2    00000132     driverlib.lib : gpio.obj (.text:GPIOPadConfigSet)
                  00001824    00000110                   : sysctl.obj (.text:SysCtlClockGet)
                  00001934    00000110     rtsv7M4_T_le_v4SPD16_eabi.lib : xdscale.obj (.text)
                  00001a44    000000fc                                   : fd_mul_t2.obj (.text)
                  00001b40    000000f4     driverlib.lib : sysctl.obj (.text:SysCtlClockSet)
                  00001c34    000000d8     rtsv7M4_T_le_v4SPD16_eabi.lib : atan.obj (.text)
                  00001d0c    000000d0                                   : xfdscale.obj (.text)
                  00001ddc    000000be                                   : xdnorm.obj (.text)
                  00001e9a    0000009c                                   : memcpy_t2.obj (.text)
                  00001f36    00000002     --HOLE-- [fill = 0]
                  00001f38    0000008c                                   : xfdint.obj (.text)
                  00001fc4    00000086                                   : fd_cmp_t2.obj (.text:__aeabi_cdcmple)
                  0000204a    0000007a     driverlib.lib : adc.obj (.text:ADCSequenceStepConfigure)
                  000020c4    0000007a     rtsv7M4_T_le_v4SPD16_eabi.lib : memset_t2.obj (.text)
                  0000213e    0000007a                                   : xfdnorm.obj (.text)
                  000021b8    0000006c                                   : autoinit.obj (.text)
                  00002224    0000006a                                   : copy_decompress_rle.obj (.text)
                  0000228e    00000002     --HOLE-- [fill = 0]
                  00002290    00000068     driverlib.lib : interrupt.obj (.text:IntEnable)
                  000022f8    00000066     rtsv7M4_T_le_v4SPD16_eabi.lib : xdunscal.obj (.text)
                  0000235e    00000002     --HOLE-- [fill = 0]
                  00002360    00000060     driverlib.lib : timer.obj (.text:TimerConfigure)
                  000023c0    00000058                   : adc.obj (.text:ADCSequenceConfigure)
                  00002418    00000058                   : timer.obj (.text:TimerControlTrigger)
                  00002470    00000056     rtsv7M4_T_le_v4SPD16_eabi.lib : xfdunsca.obj (.text)
                  000024c6    00000002     --HOLE-- [fill = 0]
                  000024c8    00000050                                   : boot.obj (.text)
                  00002518    0000004c                                   : cpy_tbl.obj (.text)
                  00002564    00000048     driverlib.lib : gpio.obj (.text:GPIOPinConfigure)
                  000025ac    00000048     rtsv7M4_T_le_v4SPD16_eabi.lib : fd_tos_t2.obj (.text)
                  000025f4    00000046     driverlib.lib : uart.obj (.text:UARTConfigSetExpClk)
                  0000263a    00000002     --HOLE-- [fill = 0]
                  0000263c    00000044     rtsv7M4_T_le_v4SPD16_eabi.lib : exit.obj (.text)
                  00002680    00000040                                   : signal.obj (.text)
                  000026c0    00000038                                   : fs_tod_t2.obj (.text)
                  000026f8    00000034     driverlib.lib : sysctl.obj (.text:SysCtlPeripheralEnable)
                  0000272c    00000034     rtsv7M4_T_le_v4SPD16_eabi.lib : feraiseexcept.obj (.text)
                  00002760    00000030                                   : xferaise.obj (.text)
                  00002790    0000002e     driverlib.lib : adc.obj (.text:ADCIntStatus)
                  000027be    0000002e     rtsv7M4_T_le_v4SPD16_eabi.lib : i_tofd_t2.obj (.text)
                  000027ec    0000002e                                   : raise.obj (.text)
                  0000281a    0000002a     driverlib.lib : gpio.obj (.text:GPIODirModeSet)
                  00002844    00000020                   : uart.obj (.text:UARTDisable)
                  00002864    0000001e                   : adc.obj (.text:ADCSequenceDataGet)
                  00002882    00000002     --HOLE-- [fill = 0]
                  00002884    00000018     rtsv7M4_T_le_v4SPD16_eabi.lib : args_main.obj (.text)
                  0000289c    00000014     driverlib.lib : systick.obj (.text:SysTickEnable)
                  000028b0    00000014                   : uart.obj (.text:UARTEnable)
                  000028c4    00000014     rtsv7M4_T_le_v4SPD16_eabi.lib : _lock.obj (.text)
                  000028d8    00000012     driverlib.lib : gpio.obj (.text:GPIOPinTypeUART)
                  000028ea    00000012                   : timer.obj (.text:TimerLoadSet)
                  000028fc    00000010                   : adc.obj (.text:ADCIntEnable)
                  0000290c    00000010                   : fpu.obj (.text:FPUEnable)
                  0000291c    00000010                   : fpu.obj (.text:FPULazyStackingEnable)
                  0000292c    00000010                   : interrupt.obj (.text:IntMasterEnable)
                  0000293c    00000010                   : systick.obj (.text:SysTickPeriodSet)
                  0000294c    0000000e                   : adc.obj (.text:ADCHardwareOversampleConfigure)
                  0000295a    0000000e                   : adc.obj (.text:ADCSequenceEnable)
                  00002968    0000000e                   : timer.obj (.text:TimerEnable)
                  00002976    0000000e     rtsv7M4_T_le_v4SPD16_eabi.lib : copy_decompress_none.obj (.text:decompress:none)
                  00002984    0000000c     driverlib.lib : adc.obj (.text:ADCReferenceSet)
                  00002990    0000000c                   : cpu.obj (.text:CPUcpsie)
                  0000299c    0000000c                   : systick.obj (.text:SysTickValueGet)
                  000029a8    0000000c     rtsv7M4_T_le_v4SPD16_eabi.lib : copy_zero_init.obj (.text:decompress:ZI)
                  000029b4    0000000c     tm4c123gh6pm_startup_ccs.obj (.text)
                  000029c0    0000000a     driverlib.lib : adc.obj (.text:ADCIntClear)
                  000029ca    0000000a                   : uart.obj (.text:UARTCharPut)
                  000029d4    00000008                   : timer.obj (.text:TimerIntEnable)
                  000029dc    00000006                   : sysctl.obj (.text:SysCtlDelay)
                  000029e2    00000006     rtsv7M4_T_le_v4SPD16_eabi.lib : copy_decompress_rle.obj (.text:decompress:rle24)
                  000029e8    00000006                                   : cosf.obj (.text)
                  000029ee    00000006                                   : logf.obj (.text)
                  000029f4    00000006                                   : sinf.obj (.text)
                  000029fa    00000004     driverlib.lib : timer.obj (.text:TimerIntClear)
                  000029fe    00000004     rtsv7M4_T_le_v4SPD16_eabi.lib : pre_init.obj (.text)

.const     0    00002a08    0000029c     
                  00002a08    00000090     driverlib.lib : gpio.obj (.const:g_pui32GPIOBaseAddrs)
                  00002a98    00000088     rtsv7M4_T_le_v4SPD16_eabi.lib : xatan.obj (.const)
                  00002b20    00000070     driverlib.lib : interrupt.obj (.const)
                  00002b90    0000006c                   : sysctl.obj (.const:g_pui32Xtals)
                  00002bfc    00000038     rtsv7M4_T_le_v4SPD16_eabi.lib : xflog.obj (.const)
                  00002c34    00000028                                   : xfdint.obj (.const)
                  00002c5c    00000028                                   : xfsin.obj (.const)
                  00002c84    0000001c                                   : xfexp.obj (.const)
                  00002ca0    00000004     DFT.obj (.const)

.cinit     0    00002ca8    00000088     
                  00002ca8    00000063     (.cinit..data.load) [load image, compression = rle]
                  00002d0b    00000001     --HOLE-- [fill = 0]
                  00002d0c    0000000c     (__TI_handler_table)
                  00002d18    00000008     (.cinit..bss.load) [load image, compression = zero_init]
                  00002d20    00000010     (__TI_cinit_table)

.init_array 
*          0    00000000    00000000     UNINITIALIZED

.bss       0    20000000    00002204     UNINITIALIZED
                  20000000    00001000     DFT.obj (.bss:e_i)
                  20001000    00001000     DFT.obj (.bss:e_r)
                  20002000    00000080     DFT.obj (.bss:absDFT)
                  20002080    00000080     DFT.obj (.bss:sabsDFT)
                  20002100    00000080     DFT.obj (.bss:y_i)
                  20002180    00000080     DFT.obj (.bss:y_r)
                  20002200    00000004     (.common:ADC0Value)

.data      0    20002208    00000244     UNINITIALIZED
                  20002208    000000b0     rtsv7M4_T_le_v4SPD16_eabi.lib : signal.obj (.data:sigtable)
                  200022b8    00000080                                   : xvalues.obj (.data)
                  20002338    00000080     DFT.obj (.data:x1)
                  200023b8    00000068     rtsv7M4_T_le_v4SPD16_eabi.lib : xfvalues.obj (.data)
                  20002420    0000000c     DFT.obj (.data)
                  2000242c    00000008     rtsv7M4_T_le_v4SPD16_eabi.lib : _lock.obj (.data)
                  20002434    00000008                                   : exit.obj (.data)
                  2000243c    00000008                                   : feraiseexcept.obj (.data)
                  20002444    00000004                                   : errno.obj (.data)
                  20002448    00000004                                   : stkdepth_vars.obj (.data)

.TI.noinit 
*          0    20000000    00000000     UNINITIALIZED

.TI.persistent 
*          0    20002208    00000000     UNINITIALIZED

.stack     0    2000244c    00000200     UNINITIALIZED
                  2000244c    00000200     --HOLE--


LINKER GENERATED COPY TABLES

__TI_cinit_table @ 00002d20 records: 2, size/record: 8, table size: 16
	.data: load addr=00002ca8, load size=00000063 bytes, run addr=20002208, run size=00000244 bytes, compression=rle
	.bss: load addr=00002d18, load size=00000008 bytes, run addr=20000000, run size=00002204 bytes, compression=zero_init


LINKER GENERATED HANDLER TABLE

__TI_handler_table @ 00002d0c records: 3, size/record: 4, table size: 12
	index: 0, handler: __TI_decompress_rle24
	index: 1, handler: __TI_decompress_none
	index: 2, handler: __TI_zero_init


GLOBAL SYMBOLS: SORTED ALPHABETICALLY BY Name 

address   name                          
-------   ----                          
000006b9  ADC0SS1IntHandler             
20002200  ADC0Value                     
0000294d  ADCHardwareOversampleConfigure
000029c1  ADCIntClear                   
000028fd  ADCIntEnable                  
00002791  ADCIntStatus                  
00002985  ADCReferenceSet               
000023c1  ADCSequenceConfigure          
00002865  ADCSequenceDataGet            
0000295b  ADCSequenceEnable             
0000204b  ADCSequenceStepConfigure      
0000263d  C$$EXIT                       
00002991  CPUcpsie                      
0000290d  FPUEnable                     
0000291d  FPULazyStackingEnable         
00000339  FT_cte                        
00002ca0  Freq                          
0000281b  GPIODirModeSet                
000016f3  GPIOPadConfigSet              
00002565  GPIOPinConfigure              
000028d9  GPIOPinTypeUART               
00002291  IntEnable                     
0000292d  IntMasterEnable               
000029b5  ResetISR                      
UNDEFED   SHT$$INIT_ARRAY$$Base         
UNDEFED   SHT$$INIT_ARRAY$$Limit        
00001825  SysCtlClockGet                
00001b41  SysCtlClockSet                
000029dd  SysCtlDelay                   
000026f9  SysCtlPeripheralEnable        
0000289d  SysTickEnable                 
0000293d  SysTickPeriodSet              
0000299d  SysTickValueGet               
000006a9  Timer0IntHandler              
00002361  TimerConfigure                
00002419  TimerControlTrigger           
00002969  TimerEnable                   
000029fb  TimerIntClear                 
000029d5  TimerIntEnable                
000028eb  TimerLoadSet                  
000029cb  UARTCharPut                   
000025f5  UARTConfigSetExpClk           
00002845  UARTDisable                   
000028b1  UARTEnable                    
00000d25  _Atan                         
200022b8  _Denorm                       
00001ddd  _Dnorm                        
00001935  _Dscale                       
000022f9  _Dunscale                     
200022c8  _Eps                          
20002444  _Errno                        
200023b8  _FDenorm                      
00001f39  _FDint                        
0000213f  _FDnorm                       
00001d0d  _FDscale                      
00002471  _FDunscale                    
200023c8  _FEps                         
00000eb1  _FExp                         
200023d8  _FInf                         
00001031  _FLog                         
200023e8  _FNan                         
20002408  _FRteps                       
000011a9  _FSin                         
200023f8  _FSnan                        
20002418  _FXbig                        
2000241c  _FZero                        
2000243c  _Fenv                         
00002761  _Feraise                      
200022d8  _Hugeval                      
200022e8  _Inf                          
200022f8  _Nan                          
20002318  _Rteps                        
20002308  _Snan                         
20002440  _Tls_setup__Fenv              
20002328  _Xbig                         
20002330  _Zero                         
2000264c  __STACK_END                   
00000200  __STACK_SIZE                  
2000264c  __STACK_TOP                   
00002d20  __TI_CINIT_Base               
00002d30  __TI_CINIT_Limit              
00002d0c  __TI_Handler_Table_Base       
00002d18  __TI_Handler_Table_Limit      
000021b9  __TI_auto_init                
20002434  __TI_cleanup_ptr              
00002977  __TI_decompress_none          
000029e3  __TI_decompress_rle24         
20002438  __TI_dtors_ptr                
00000000  __TI_static_base__            
000029a9  __TI_zero_init                
00001fc5  __aeabi_cdcmpeq               
00001fc5  __aeabi_cdcmple               
000025ad  __aeabi_d2f                   
00000b77  __aeabi_dadd                  
000015bd  __aeabi_ddiv                  
00001a45  __aeabi_dmul                  
00000b6d  __aeabi_dsub                  
000026c1  __aeabi_f2d                   
000027bf  __aeabi_i2d                   
000020c5  __aeabi_memclr                
000020c5  __aeabi_memclr4               
000020c5  __aeabi_memclr8               
00001e9b  __aeabi_memcpy                
00001e9b  __aeabi_memcpy4               
00001e9b  __aeabi_memcpy8               
000020c7  __aeabi_memset                
000020c7  __aeabi_memset4               
000020c7  __aeabi_memset8               
ffffffff  __binit__                     
ffffffff  __c_args__                    
2000244c  __stack                       
00002885  _args_main                    
000024c9  _c_int00                      
2000242c  _lock                         
000028d3  _nop                          
000028cb  _register_lock                
000028c5  _register_unlock              
000029ff  _system_pre_init              
20002430  _unlock                       
00002641  abort                         
20002000  absDFT                        
00001c35  atan                          
ffffffff  binit                         
0000026d  cofigurar                     
000003fd  complejo                      
00002519  copy_in                       
000029e9  cosf                          
20000000  e_i                           
20001000  e_r                           
00002649  exit                          
20002428  fase                          
0000272d  feraiseexcept                 
00001315  fmodf                         
00000000  g_pfnVectors                  
000029ef  logf                          
20002424  magnitud                      
000004b1  main                          
20002448  main_func_sp                  
00001e9b  memcpy                        
000020cd  memset                        
00000781  powf                          
000027ed  raise                         
20002420  rec                           
20002080  sabsDFT                       
000002ff  serial_Config                 
00002681  signal                        
000029f5  sinf                          
00001475  sqrt                          
20002338  x1                            
20002100  y_i                           
20002180  y_r                           


GLOBAL SYMBOLS: SORTED BY Symbol Address 

address   name                          
-------   ----                          
00000000  __TI_static_base__            
00000000  g_pfnVectors                  
00000200  __STACK_SIZE                  
0000026d  cofigurar                     
000002ff  serial_Config                 
00000339  FT_cte                        
000003fd  complejo                      
000004b1  main                          
000006a9  Timer0IntHandler              
000006b9  ADC0SS1IntHandler             
00000781  powf                          
00000b6d  __aeabi_dsub                  
00000b77  __aeabi_dadd                  
00000d25  _Atan                         
00000eb1  _FExp                         
00001031  _FLog                         
000011a9  _FSin                         
00001315  fmodf                         
00001475  sqrt                          
000015bd  __aeabi_ddiv                  
000016f3  GPIOPadConfigSet              
00001825  SysCtlClockGet                
00001935  _Dscale                       
00001a45  __aeabi_dmul                  
00001b41  SysCtlClockSet                
00001c35  atan                          
00001d0d  _FDscale                      
00001ddd  _Dnorm                        
00001e9b  __aeabi_memcpy                
00001e9b  __aeabi_memcpy4               
00001e9b  __aeabi_memcpy8               
00001e9b  memcpy                        
00001f39  _FDint                        
00001fc5  __aeabi_cdcmpeq               
00001fc5  __aeabi_cdcmple               
0000204b  ADCSequenceStepConfigure      
000020c5  __aeabi_memclr                
000020c5  __aeabi_memclr4               
000020c5  __aeabi_memclr8               
000020c7  __aeabi_memset                
000020c7  __aeabi_memset4               
000020c7  __aeabi_memset8               
000020cd  memset                        
0000213f  _FDnorm                       
000021b9  __TI_auto_init                
00002291  IntEnable                     
000022f9  _Dunscale                     
00002361  TimerConfigure                
000023c1  ADCSequenceConfigure          
00002419  TimerControlTrigger           
00002471  _FDunscale                    
000024c9  _c_int00                      
00002519  copy_in                       
00002565  GPIOPinConfigure              
000025ad  __aeabi_d2f                   
000025f5  UARTConfigSetExpClk           
0000263d  C$$EXIT                       
00002641  abort                         
00002649  exit                          
00002681  signal                        
000026c1  __aeabi_f2d                   
000026f9  SysCtlPeripheralEnable        
0000272d  feraiseexcept                 
00002761  _Feraise                      
00002791  ADCIntStatus                  
000027bf  __aeabi_i2d                   
000027ed  raise                         
0000281b  GPIODirModeSet                
00002845  UARTDisable                   
00002865  ADCSequenceDataGet            
00002885  _args_main                    
0000289d  SysTickEnable                 
000028b1  UARTEnable                    
000028c5  _register_unlock              
000028cb  _register_lock                
000028d3  _nop                          
000028d9  GPIOPinTypeUART               
000028eb  TimerLoadSet                  
000028fd  ADCIntEnable                  
0000290d  FPUEnable                     
0000291d  FPULazyStackingEnable         
0000292d  IntMasterEnable               
0000293d  SysTickPeriodSet              
0000294d  ADCHardwareOversampleConfigure
0000295b  ADCSequenceEnable             
00002969  TimerEnable                   
00002977  __TI_decompress_none          
00002985  ADCReferenceSet               
00002991  CPUcpsie                      
0000299d  SysTickValueGet               
000029a9  __TI_zero_init                
000029b5  ResetISR                      
000029c1  ADCIntClear                   
000029cb  UARTCharPut                   
000029d5  TimerIntEnable                
000029dd  SysCtlDelay                   
000029e3  __TI_decompress_rle24         
000029e9  cosf                          
000029ef  logf                          
000029f5  sinf                          
000029fb  TimerIntClear                 
000029ff  _system_pre_init              
00002ca0  Freq                          
00002d0c  __TI_Handler_Table_Base       
00002d18  __TI_Handler_Table_Limit      
00002d20  __TI_CINIT_Base               
00002d30  __TI_CINIT_Limit              
20000000  e_i                           
20001000  e_r                           
20002000  absDFT                        
20002080  sabsDFT                       
20002100  y_i                           
20002180  y_r                           
20002200  ADC0Value                     
200022b8  _Denorm                       
200022c8  _Eps                          
200022d8  _Hugeval                      
200022e8  _Inf                          
200022f8  _Nan                          
20002308  _Snan                         
20002318  _Rteps                        
20002328  _Xbig                         
20002330  _Zero                         
20002338  x1                            
200023b8  _FDenorm                      
200023c8  _FEps                         
200023d8  _FInf                         
200023e8  _FNan                         
200023f8  _FSnan                        
20002408  _FRteps                       
20002418  _FXbig                        
2000241c  _FZero                        
20002420  rec                           
20002424  magnitud                      
20002428  fase                          
2000242c  _lock                         
20002430  _unlock                       
20002434  __TI_cleanup_ptr              
20002438  __TI_dtors_ptr                
2000243c  _Fenv                         
20002440  _Tls_setup__Fenv              
20002444  _Errno                        
20002448  main_func_sp                  
2000244c  __stack                       
2000264c  __STACK_END                   
2000264c  __STACK_TOP                   
ffffffff  __binit__                     
ffffffff  __c_args__                    
ffffffff  binit                         
UNDEFED   SHT$$INIT_ARRAY$$Base         
UNDEFED   SHT$$INIT_ARRAY$$Limit        

[151 symbols]
